aardvark
abattoir
abattoir
abbey's
abbot
abbot's
abbots
Abbott's
abbreviates
abdications
abduct
abductor
Abernathy
abettors
abeyance
abolitionist's
abominates
above's
abrading
abrasive
abridgement's
abroad
abscessing
absconds
absentees
absolutes
absolved
abstaining
abstractedly
abstracting
abstractnesses
abstruse
abundance's
abutted
Ac
acacia's
acacias
acacias
academics
Acadia's
accesses
accessing
accessions
accessory
accidental's
accidents
acclaims
acclimatized
accommodation's
accompaniment's
accompanists
accomplices
accomplishes
accord
accorded
accumulating
accumulation
accumulation's
accumulations
accusative's
accusing
acerbic
acetate's
Acevedo
Achaean's
Achernar
Acheson's
achier
Achilles's
aching
achromatic
acing
acknowledge
acknowledgement
acolyte
acoustics's
acquirable
acquire
acquittals
acrimony
act
act
activated
activated
activation's
activist's
actualities
actuality's
actuaries
Acuff's
acuter
acutes
adamant
adamantly
Adam's
Adas
addends
addendum
Adderley
additions
addressed
adds
Adelaide's
adeptness
adequacy
adherent
adhesion
adjectives
adjure
adjured
adjures
adjustable
adjustable
adjutants
admen
admin
administer
admirals
admirals
admixtures
admonishes
admonishment
adolescence's
adolescent's
Adolph
adorn
Adriatic's
Adrienne's
ad's
ads
adulation's
adulterers
adultery's
advancement
advancement
advancement
advantageously
adventurers
adversities
advert
advert's
advisedly
adviser
advisor's
adz
aeon's
aeons
aerators
aerobic
aerodynamics's
Aeroflot's
Aeschylus's
AFAIK
affairs
affinity's
afforesting
affrays
afire
Afrikaans's
after
after
afterbirths
afterburner
aftertaste
afterthoughts
Agamemnon's
agar
agar
agave
ageing's
ageless
age's
Aggie
agglomerated
agglutinate
aggrandize
aggressive
aggrieved
agings
agism
agitations
aglow
agnosticism's
agonies
Agra
agreeably
agreements
Agrippina
Agrippina's
agronomist's
agronomy
ague
AI
aimless
airing's
air's
airspace's
airworthy
Alabama's
alabaster's
Alamo
Alamogordo
Alan's
alas
Albanian's
Alberto
albino's
albs
alderwoman
Aldo's
Aldrin's
Alec
Aleichem
Aleppo
Alexei
Alford's
Alfredo
algebra's
Alhambra
aliases
alibi's
Alicia
alkalinity
alleging
allegro
Allentown's
alley's
alliteration's
allocate
allowance
alloying
Allstate
ally
ally's
aloft
alohas
alphabetic
alphabetizing
alphabet's
Alphonso
Alsatian's
Altair's
alternating
alternative
Althea
altimeter's
altimeter's
alto's
altos
alum's
Alvarez
Alyce
AMA
Amado's
amalgamated
Amalia's
amanuenses
amazement
amaze's
Amber's
ambiences
ambiguities
ambiguity's
ambitiousness
amelioration
amenity's
Americanism
Amerindian
amicability
amicably
ammonia
ammonia's
amnesiac's
amnesiacs
amorously
amounted
Ampere's
amphibians
amphibians
amphibious
amphitheatres
amplification's
Amritsar's
Amsterdam
amused
amused
amusement's
Amway
Anabel's
anaemia's
anaesthesia
anaesthesia's
analogy's
anapest's
anathema's
Anatolia's
anatomies
Anaxagoras
ancient
andante
Andean
Anderson's
Andromeda
Andy
anemometer's
anesthetizes
Angel
Angelia
Angelia's
Angelica
Angelico
Angeline's
Angelique's
Angelo
angel's
Angie
angina's
Angkor's
angleworm
Anglicanism's
angular
Anibal's
animates
animations
animator's
aniseed's
Anna's
anneal
annealing
announced
announcements
annoyingly
anodyne
anonymously
anopheles
anorexia's
Anselmo's
ANSI
answer
antagonisms
antagonistic
antagonists
antedated
antibody
anticipate
anticipated
anticipating
anticipation
antidote
Antietam's
antigen
antimony
antiquarians
antiquary
antiquated
antiquated
antiquing
antisocial
antitoxins
antlered
Anubis's
anuses
anvil
anxiety
anxiously
anybody's
Anzac's
aortae
ape's
apex's
apogees
Apollonian's
apologetic
apologize
apology
apostolic
appeal
appealing
appease
appellate
appellation's
appetites
applicable
applicable
applicable
application
Appomattox
apportionment's
appositives
appreciable
apprehend
apprehends
apprehensive
apprehensiveness
appropriation
approve
approves
apps
apricots
aquaplane's
aquarium
aqueduct
aqueduct's
arable
Araby's
Araguaya's
Ararat
Arawakan
arbitrariness
arbitrators
arch
archaeologists
archangel
archbishops
Archean's
archery's
archetype
archipelago
archivist's
archivist's
archway's
archways
arcked
arctic
argue
argument
arias
arias
aridity
aristocrat's
Aristotelian
arithmetic's
Arline
Arline's
arm
armadillo
armadillo
Armageddon
Armagnac
armature
armchair's
Armenian
armhole's
armistice
armlet
armory's
armpit's
Arnulfo's
aromatherapy
aromatic
aromatic's
arose
arpeggio's
arraignment
arraignments
arrangers
arraying
arrogate
arrogating
Arron's
arrowhead's
arrowroot's
artery
artichoke
articulateness
artifice
ascend
ascertained
ascribe
Asgard
ashamed
Ashanti
Ashe's
ashiest
Ashkenazim's
Ashkhabad's
asininity's
aspect
asperities
asperity
asphyxiate
asphyxiates
asphyxiation's
Assad
Assad
assails
assassination
assassination
assault
assault's
assemble
assemblies
assemblywoman
assemblywoman's
asserted
asserting
assess
assesses
assessment's
assessor's
asshole
assholes
assimilates
assuaging
Assyria
Assyria
Astaire
asterisk's
aster's
Astoria's
astronaut's
astronomer's
astrophysicist
astrophysics
Asturias's
Atahualpa
Atalanta
atheism
atheistic
atherosclerosis
athletics
atlas
Atlas
atmospheric
atonal
atriums
atriums
atrociousness
atrociousness's
atrocities
atrophying
Ats
attach
attainment's
attend
attention
attenuates
attenuates
attests
Attila
Attila's
attitudinizing
attractively
attribute's
attributively
Aubrey
audacity's
audibly
audio
audiophiles
auditor's
auditory
Audubon
Aug
auguries
augustest
Augustine's
aureole
Aurora
Australasia
Australoid's
Austronesian
authoring
autocratic
autograph's
autographs
automate
automated
automation
automation's
automation's
autonomous
Avalon
averaging
Avernus
averred
Avicenna
avocado's
avoirdupois
avowing
avows
awaked
awaken
awakes
awfuller
awkwardly
awning's
AWS's
axle's
Azerbaijani's
azimuth
Azores's
Aztlan
azure's
Baal's
Babbage's
babblers
babushka's
babushka's
Babylonian
babysitters
Bacall
Bacardi
Bacchanalia
backache's
backer's
backgammon
backgammon's
backing's
backpedal
backslide
backsliders
backstroking
backtrack
Backus
backwater's
backyard's
Bacon
bacteriologist's
Baedeker's
Baez's
baffle's
bagel's
baggy
bailouts
baize's
Bakelite
bakeries
Baku
Bakunin's
balalaikas
Balder
balds
Baldwin's
Bali
Balinese
Balkan
balkier
balladeer
ballasting
balmier
balminess
balm's
balm's
baloney's
balsams
balsams
balsa's
Baluchistan
Baluchistan
Balzac's
bamboo
banana's
bandana
bandannas
bandier
bandits
Bandung's
bane's
banishes
banishment
banister's
banjos
bank
banking
bankroll
bankrolled
banned
Bannister
Bannister
banns's
banquets
Banting's
Baotou's
Baptiste
Baptists
bar
Barack's
barbeques
Barbuda's
barefaced
bareness's
Barents
barest
barfed
barged
Barker's
bark's
bark's
Barnett's
Barnett's
Barney's
baronets
Barquisimeto
barrage
barraged
barrener
barrenness's
barricade's
Barrie
barring
barrooms
barrows
basal
baseballs
bashfulness
basil
basil
basis's
bassinets
bassist's
bassoon's
bastions
bastions
batch
Bates
Bates
bathers
bathmat's
bathos
Bathsheba's
bathtub
battered
battier
battle
battlement
battleship
Bauer's
Baywatch's
BB
beaching
Beach's
beacon
beady
beanbag's
bearable
bearable
Beard's
bearer
bearing
bearing's
beast
beastliness
beastly
beats
Beaumont's
beauteous
beauteous
beautifier
beautifies
Beauvoir
Beauvoir's
Beck
Becky's
become
bedeviling
bedlam's
bedspread's
bee
beefed
beefs
beekeeping's
befoul
befoul
befouls
befuddles
beg
begged
beginners
beginnings
beguiled
behaved
beheld
behest
behests
Beirut's
Belem's
beliefs
Belinda's
belittled
belittles
belligerence's
bellows
bellows
bellyached
bellyful
Belmont
Belmont's
belong
beltways
bemoan
bench
bench's
Bendix's
beneath
benefactress's
beneficial
Benetton
Benin's
Benjamin
Bennett's
bent's
Benz
Benz
Berenice
beret
Bernadette's
Bernays
Bernice's
Bernini
Bernstein
Berry's
berths
Bertie's
besides
besieging
besom's
besoms
besotted
bespeaks
Bess
best
bestiary
bestriding
Best's
beta
betaking
Bethesda
bethinking
betrays
betrays
bettors
bevels
beware
bewilder
bewildered
bewitched
Bible
Bic
bicepses
bicycle
bids
Bierce
bifurcations
bigamist's
Bigfoot's
bight
bigness
bigwig's
bikers
bilateral
Bilbao's
Bilbo's
bilks
bill
billet
billies
billing
bimbos
bimonthlies
bin
binning
binocular
binomials
biochemical
biochemicals
biographies
Bioko
biologist's
biopsy's
biospheres
birthrate's
birthrights
birthstone
bisected
bishop's
bishops
bismuth's
Bissau's
bit
bittern
Bjork's
Bjork's
blabs
blackbirds
blackboard
blackcurrant
blackheads
blackish
blacktopped
blamed
blaming
blankest
blanketed
blanks
blaster
blat
blat
blatant
blaze
blazing
blazon
bleats
blending
blesses
blind
blinder
blindfolded
blindsiding
blinkered
blintze's
blitz's
blob
blobs
blockaded
blogging
Blondel
blondness
blooding
bloodlessly
bloodmobile
bloodshed's
bloodstream's
bloomed
Bloomfield
bloom's
blooper
blossoming
blot
blots
blowers
blowguns
blowouts
blows
blubbers
bludgeoned
blueberry's
bluebirds
bluebottle
bluebottle's
blue's
blues
bluffer
blunderbuss
blunders
blunter
bluntness
blurb
blush
blusher
blushes
blvd
Blvd
boarded
boardroom's
boardrooms
Boas
boastfulness
Bobbi
bobs
Bob's
bodkin
bodywork
boga
bogeyman
bogon
bogosity
Bogotá
boils
Bojangles's
bolas
bolder
boles
Bolivar
Bolivians
bolls
bologna
bolstered
bombshell's
bonanzas
bond's
bondsman's
boneheads
boner
boner's
bongoes
Bonhoeffer
Bonner's
bonniest
boobed
booby's
boogie's
bookend
bookmaker's
bookmaker's
bookseller
bookshelves
bookstore
Boolean
boors
boot
bootblack's
Boötes's
booth's
Booth's
bootleg's
booziest
borderline
border's
boringly
Bosporus's
Bostonian
bottled
boudoirs
bough
bought
bouncer
bouncing
bounder
bounty's
bourgeoisie's
bovine
bowel's
bowers
Bowery
bowlder
bowmen
boxcar's
boycott
boycott's
boysenberry's
bozo's
BP
bpm
Br
Bradford's
Bragg
braggarts
Brahe
Brahmin's
braiding
Brailles
braining
brainteaser's
brambles
brandishes
brassy
Brattain's
brattier
braving
braving
brawn's
brazen
brazen
brazenness
brazier's
breads
breakfast
breakwater's
breastplates
breasts
breathable
breathable
breathlessly
breaths
breezy
Bremen
Brenner's
Brenner's
brewed
brewing
bribery
bricklaying
bricklaying's
brides
bridesmaid
Bridgett
briefed
Brigadoon's
brigands
Briggs's
brighter
brilliancy's
brims
Brinkley's
Britannia's
Britisher
brittle
Brno's
broaching
broadband's
broadcasters
broadcasts
broadloom's
broads
brocade
brogue's
brontosaurus's
brooder
brooder's
brood's
brook
Brooks's
broths
brownest
Brownies
brownout
browser's
Brueghel
brunet
brunt
bruskest
brusque
brusque
brutishly
Brut's
Brynner's
Bryon's
bubbles
buck
bucket
bucketed
buckles
bucktooth
buckwheat
buckwheat's
buckyball
bucolics
Budapest
Buddhists
budgeted
budgeted
Budweiser
buffalo's
bugged
Bulgarian
Bulgaria's
bulge's
bulldogged
bullets
bullets
bullfighter
bullfinches
bullion
bulls
bullshit
bully
bully
bulwark
bumpkins
bumps
bun
bung
bungs
bunions
bunker's
bun's
Bunsen's
bunt
bunting's
Burberry's
burbling
Burch's
bureau's
buried
Burke
Burmese's
Burnett's
burnous
burnouses
burps
burring
burring
burro
Burroughs
bursitis's
bursted
Burundi's
bush
Bush
busily
busses
busting
bustled
butane's
butlers
butlers
butterfly's
butteriest
buttock's
buttonholed
buttonholing
buttressed
Buxtehude
buzz
buzzard
bylines
byproduct
Byronic
cabanas
cabaret
cabbage's
cable
cached
cachet's
cackling
cacophony
cacophony
caddy
cadences
cadenzas
caftan's
Cage
cagier
Cagney's
cahoots
caisson's
Cajun's
Cajun's
calabash
calculable
calculus
calculus's
Calderon
calendaring
Calexico
calfs
caliber
calibrations
calibrator's
calipers
Callahan
callipered
calliper's
callus's
calms
caloric
caloric
calumniated
camerawoman's
Cameron's
Campanella's
Campinas's
Campos
campsite's
Camus
Camus's
canal's
Canberra's
canceled
candidacies
candidate
candlestick
cankers
cannibal's
cannier
cannonballs
cannonballs
canny
canoeist
canonical
canonizations
Canopus's
canopy's
cantaloupes
cantaloupes
cantaloup's
cantaloup's
canted
Canton
cant's
cants
canvased
canvass's
capability's
Capek's
capering
Capetian
Capetian's
Capet's
capitalize
capitalizes
capitalizes
capitulating
capitulation's
caplet's
Capri
Capricorn
captaincy
captaincy's
captioned
captivates
captivation's
captive's
capture's
carafe's
caramel
carapaces
caravan
carbine's
Carboloy
carbonated
carbonates
carcinogen's
card
cardboard
Cardin's
cardio
cardiologist's
cardiology
careens
career
carefree
caretakers
carets
carjacker's
carjacks
Carlo's
Carlsbad's
Carlson's
carnally
Carnap
Carney's
Carney's
carnival
Carol
Carolinian
Carolinian's
Carolinian's
Carol's
Carolyn's
carouse
caroused
carouser's
carouse's
carouse's
carpal's
carport
carriers
carrousel's
carsickness's
carted
Carthage's
Cartier
cartoons
carts
cartwheels
carver's
Cary
Cascades
caseload's
casement
Cash
Cash's
casing
casket
Caspar
Cassandra's
cassock
caster's
casting's
Castor
catalogs
catalogue
catastrophe
catastrophes
category's
caters
catgut
Catherine
Catherine
catkin's
catnapping
Catskill's
Catskills's
catting
catwalks
catwalks
Cauchy
Cauchy's
caucussed
caulked
caulks
cautiousness's
cautiousness's
cavalcade
cavalcade
cavalry's
cavemen
cavemen
Cavendish's
cavities
cawed
cawed
ceasing
ceasing
Cecil's
cedillas
Cedric
celebrated
celebration's
celebration's
celebrations
celestas
Cellini
cellist's
cellulite
censoring
censoring
centigrade
centime's
centralized
centrally
central's
cents
centuries
centurion's
Cerberus
certifiable
Cesar
Cesar's
Cessna's
Cetus
chaffinches
chainsaws
chairmanship
chairperson
chairpersons
chairwomen
chaises
chaises
Chamberlain
chamberlains
Champaign
Chan
Chance
Chandragupta
Chandrasekhar's
Chanel
changeovers
changeovers
changes
changing
changing
Changsha
channeling
channelling
chanter's
Chantilly's
chaotically
chaparral's
chaperones
chapter's
characteristically
characteristically
characteristics
chariots
Charlestons
char's
charwoman
chaser
chasms
chastise
châtelaine
Chattanooga
chattel
chatters
chattiness
chatty
chauvinism's
Chayefsky
cheated
cheat's
checkbook
checker
checkroom's
cheekier
cheep's
cheerful
cheerleader
cheeseburger's
chemical
chemist's
Chennai's
Cheops
Cheops's
Chernenko's
cherubs
Chesterfield's
chewer
chewer's
Cheyenne
chi
chicanery's
chickening
chickens
chicle
chid
chieftains
chignons
Chihuahua
childcare
childhood's
childproof
chile's
chilis
chimaera
chime
chimp
chino
chinos
chintziest
chintz's
chipper's
chiropodist's
chiropractors
Chi's
chiselers
chisels
chitchat
chitchat
chitchat's
chitlings's
chit's
Chivas
chlorination
choker
choler's
choosey
chop
choreographic
chorusing
chorussed
christening's
christenings
Christianities
Christi's
chromosome
chronology's
Chrystal
chuckhole
chucking
chunk
chunkiness
chunk's
churchman's
churlish
churlishly
churl's
churn's
chyron
cicada's
cider
cider's
cigar
cigarette's
cilia
Cimabue
cinch
cinctures
Cinderella's
circles
circular's
circular's
circulates
circumflex's
circumflex's
circumlocutions
circumscribe
circumscribed
circumvented
circumvents
cited
Citigroup
citing
citron's
civilizations
civilizations
Cl
Claiborne's
claimant's
clamminess's
clamp
clamp
clamped
clan
clan
clanging
clap's
Clarence's
Clarice's
clarifies
Clarke's
Clark's
classicism
classifieds
classiness
classless
classroom's
clatter's
Claudia's
Claudia's
Clausius
clavicle's
clavicles
cleaned
cleaner
cleanings
cleanlier
cleanness's
cleanups
Clearasil's
cleat
cleavage's
cleaver
cleft
Clemons's
clergies
clergyman
clergymen
clerked
clicks
Clifford's
climaxing
clinch
clingier
clinging
clinking
clipboards
clipped
cliques
clobber's
clobbers
cloche's
clogs
cloister
cloistered
Clojure
Clojure's
cloned
clones
closeness's
closet
closing
closure
clothed
clothing
cloudless
clouts
clouts
cloverleaf's
cloy
cloys
Cl's
clump's
clunk
clusters
clvi
Clytemnestra
coastline
cob
cob
Cobain
cobalt's
cobble
cobbler
cobbles
cobblestone
cobwebs
Cochran
cockamamie
cockle's
cockpit
cocoon's
codependency's
codicil
codification's
codifications
codify
coffeecake
coffeehouse
cogent
cognizance
cognomina
cogwheel
coherently
coiffure's
coils
Coimbatore's
coking
Col
Colbert's
colds
Coleridge
Colette's
colic
Colin
collaborates
collaborator's
collage's
collar
collarbone
collar's
collation's
collectables
Collin's
collocates
colloquialism's
colludes
colon
Colon
colonialism's
colonist's
colonist's
colonoscopy
colossal
colossus
Coltrane's
columbine
columnist's
combat
combated
combustion
comer's
comestible's
comfiest
comforter
comforter's
comics
commanders
commandos
commands
commencing
commendation's
commentary
commentating
commercials
commingle
commiserations
commissary's
commissioning
commits
commodore's
commodores
commodores
commonplaces
common's
commonwealths
commune
communicable
communicants
communication
communions
Comoros
compactest
companions
Compaq
comparable
compartment's
compassion
compelling
compensated
compensatory
competent
competition's
compile
compiler
compliance
comported
composure's
compress
compressors
compromises
compulsion's
compunction
compunction's
computations
computations
computer's
comradeship's
concentrations
concepts
concertmasters
conciliate
concise
concludes
concocted
Concord
concordance
concourse
concubine's
concur
concurrence
concurs
Condillac
conditioned
conditions
condoes
condoles
condominium's
condominiums
conduct
conductors
confetti
confided
confided
confidences
confining
confirmatory
conform
confrères
confronted
confronts
confuted
congenial
congestion
congestive
Congregationalists
congruent
conifers
conjecture
conjecturing
conjoining
conjoining
conjuncture
Connellsville's
Connery's
conning
connivance
connoisseurs
conquistadores
conquistador's
conquistadors
Conrail's
Conroe
Conroe's
conscientiously
consciousness
consecrating
consecutive
consent's
conserve
considering
consist
consonance
consonance's
consorting
consortiums
consort's
consorts
constituent's
constitutional's
constitutions
constructed
constructively
consumables
consumptive
cont
contagions
contagious
contaminate
contemporary
contemporary's
contemptuously
contender's
contending
contenting
contentious
contentment
contest's
contiguity
contiguity's
continent's
contingent's
contingents
contorted
contorts
contracted
contrail
contraption's
contraptions
contrariness
contrary's
contributor
contributory
controvert
contumely
contuse
contusion
conundrums
conveniently
convergence's
conversation
conversing
conveying
convincingly
Conway's
cookers
cooled
coolest
coolly
cools
cooper
cope
Copenhagen's
copulating
copycatting
cornet
cornflakes's
cornstarch
cornstarch
cornucopia
corollary
corralling
correcting
corroding
corrosion's
corrugation's
corruptions
cortex's
Cortland's
coruscating
Corvette's
cosmetic's
cosmetology's
cosmic
cosmologists
Costco
costume's
cote
coteries
cottages
cotter's
cottonseeds
couched
couches
Coulomb's
Coulter
counsel
countdown
countdown
counterexample
counterfeit
countermanding
countermanding
counterpoint's
counterrevolution's
counters
countersunk
countryman
countrywomen
couplings
Courbet
coursing
courted
courtesan's
courtesy
courtier's
courtroom's
courts
cousin
covenant's
covert
coveted
covetousness's
covetousness's
coveys
cow
cowardliness
cowgirls
cowhand's
Cowley
Cowley's
coworker
cowpoke
cowpunchers
coxcomb
coyest
cozen
CPA
CPR
crab
Crabbe
crab's
cracker's
craftsman's
craftsmen
cramped
cranberries
cranberry's
craned
crania
crappiest
crass
crating
craven's
craving's
craw
crawls
crayfishes
crayons
crazier
creamers
creamiest
creases
created
creationism
Creation's
creator's
crèche's
credible
creditably
credo's
credos
credulity
Cree
creek's
Creek's
creel's
creepiest
cremated
crematorium
Creoles
cretin
crevices
Crick's
Crimean
crimes
crimson's
crinkled
crinkles
crinklier
crinoline
crisp
crisped
crisply
crisscrossing
criticizes
critique's
crochet's
crocodile
crocodiles
crofts
Cromwellian
crooned
croquet's
Crosby's
crosier
crossbar
crossbones's
crossbreeds
crosschecks
crossfires
cross's
cross's
Cross's
crosswalks
crotchet's
crouch's
crouch's
croupiers
croupiest
crow's
crucify
cruddier
crude
crudités
crudity's
cruet
cruft
Cruikshank
crumbier
crumbier
crumbled
crumby
crummiest
crummy
crunch's
crusted
crutch
crutches
crypts
crystalizing
C's
Csonka
Csonka's
CSS
Cthulhu's
cubic
cubical
cubism's
cuddly
cuff
culled
culotte
cultivators
cummerbunds
cunning's
cupcake
curable
curative
cured
curie's
curliness
curmudgeon
curricula
curriculum's
Currier
cursive's
Curtis
curtseying
curvaceous
curvacious
curvature
curvatures
cushions
cuss
custodians
custom
customize
cutesiest
cutest
cuticles
cutoff's
cutout
Cuvier's
cyberpunk's
cyclonic
cynicism's
Cyprian's
cytology
dabbed
Dadaism
daffodil
daguerreotyped
daintiness's
dairying
Daisy's
Dakota
Daley's
dalliances
damndest
damnedest
dampen
damper
dampers
dampness's
dancer's
dance's
dandy's
dandy's
Danelaw's
dangers
Danial's
Daniel's
Dannie's
Danville
Darby's
dare's
d'Arezzo's
darkens
darkness's
darling
darned
Darnell's
Darth's
dart's
Darwinism
dateline
daubs
Davao's
Davenport's
Day
daybed
daydreamt
daze
dazing
dazzles
dd
DD's
DD's
dead
deaden
deadens
deadlock
deadlock's
dealers
Deann
Deann
Deanne's
deans
debased
debate's
debauch
debauches
debauches
debauch's
debenture
debentures
debonair
debris
debs
debtor
debts
Dec
decadence's
decant
Decatur's
decay
Decca
deceives
decelerates
decencies
deceptive
decimation's
decimation's
decimation's
decks
declamation's
decline
declines
declines
declivity's
decongestant's
decorum's
decrescendo's
decriminalization's
decryption
DECs
dedicates
deemed
deemed
deepen
deeper
deepfake's
deeply
deers
deers
deescalated
default
defeatism's
defecated
defecation's
defecting
defendant
defendant's
definition
deflect
Defoe
defoliating
defrayed
defrosting
defuses
defusing
degeneration
degeneration's
degrade
degraded
degrading
dehydrate
dehydrated
deices
dejected
Del
Delacruz's
delegate's
deleverages
Delgado
deliciously
delimiters
delineating
Delius's
deliver
deliverance
delivery's
Dell's
Delmar's
Delmer's
Del's
demesne's
demigod
demilitarize
Deming's
demise's
demobilizing
democratic
democrat's
Democritus
demonstrable
demonstration's
demoting
demoting
denial
denoting
denounce
denser
densest
departed's
departures
departures
depend
dependability
dependant's
dependent
depending
depilatory's
depoliticized
deposed
deposits
depravity
deprecatory
deprecatory
derail
derails
deregulation's
Derick's
derided
derides
derived
derogates
derringers
descant
Descartes
descending
describes
describing
Desdemona's
desecrates
desensitization
deserting
desertion's
designation
desk's
despairing
despatch
despatched
despondency
dessert's
destroyer
destroys
destruct's
detachable
detachment
detachment
detectable
deterrents
detests
dethrone
detonating
detonators
detoured
detouring
detriment
Deuteronomy
deviant's
deviants
deviations
devilment's
deviltry
devoid
devolve
Devon's
devote
devotee
devoting
devoutest
dewberries
diabetic's
diabolic
diacritical
Diaghilev's
diagnosed
diagnosis's
diagrammatic
diagramming
diagram's
dialect's
diamond's
Diaspora
diatom's
diatoms
dices
dickering
Dictaphone's
dictation
dictators
diction
diddle
Didrikson
Diefenbaker's
diehard
dieresis
diff
diffed
difficulties
difficulties
diffraction's
digest
digest
digest
diggers
digitalis's
dignifies
dignitaries
dignitaries
dignity
dilapidated
dilapidation's
dilated
dilatory
dills
dillydallies
DiMaggio's
dimwit's
dimwitted
dinginess's
dinging
dings
dings
dinnering
diocese
Diogenes's
diphthong's
dipsomaniacs
directives
directs
dirigibles
dirk's
dirtying
disadvantage's
disaffecting
disagreeing
disallowing
disallows
disambiguate
disappoints
disapproval's
disapproving
disarmament
disarranges
disarray's
disbands
disburse
disbursement's
disbursing
discerning
discerns
discharges
disclaim
disclaimer
disclosure's
discolor
discombobulate
discomfiture
discommoded
discomposure's
disconnecting
disconsolate
discontentment
discontinuity's
discourages
discourse
discreditable
discreeter
discreetly
discretionary
disembark
disembarkation
disenchant
disenfranchised
disenfranchisement
disenfranchisement's
disengaged
disentanglement
disfavor
disgraced
disgraceful
disheartens
dishing
dishrags
dishtowel
dishwater
disinfect
disingenuous
disinter
disinterring
disinterring
disinterring
disjointing
disjoints
dislocations
dismal
dismantled
dismantles
dismayed
dismay's
dismembering
dismemberment's
dismembers
dismissals
dismissed
disobedience
disorientation
disparages
dispassionately
dispirited
disposing
dispossession
disquiet
disquisition's
disregards
disrepute's
disrespectful
disruption
disruption's
dissatisfaction's
dissatisfaction's
dissed
dissemble
dissenter's
dissenters
dissimulated
dissimulation's
distaste's
distaste's
distilleries
distiller's
distracts
distrusting
distrust's
disturbance
ditties
ditties
dittos
diva's
divergent
diverges
divinities
divvied
Djakarta's
djinn
Dnepropetrovsk
Dniester's
dockyard
dockyards
doctorate's
doctrinaires
documented
documented
doddered
dodge's
dodgiest
Doe's
doggerel's
doggies
dogma
dogma
Doha's
doled
dollar
domains
Domesday
domesticity's
domicile
dominated
Dominic
Dominick
dominion
dominion's
Dona
Donatello's
donations
Donna
Donovan's
don's
don't
doodad's
doohickey's
doohickey's
Dooley's
doomed
doorknob
doormen
dopiest
Doppler
dorkiest
dormouse's
Dortmund
dory
dos
dot
dotted
dotting
double
doubter's
doubtful
Doug
dough
Doug's
douse
doweling
downloadable
downloadable
downscale
downswing's
downtown
dowry
dowses
dowsing
dowsing
doyen
dozen's
dozing
drabs
Draconian's
Dracula
draftees
draftsman's
draftsmanship
drafty
dragoons
drain
drainer
dram
drape
drawbacks
drawbridge
drawing's
dreads
drench
dress
dressing's
Dreyfus's
dribbler
dribbling
driblets
drills
drip
driveway
droller
drolleries
dromedary's
droned
drone's
drooled
droopy
droopy
dropout
drops
drugstore's
Druid
drumstick's
drying
dryness's
drys
drywall
DST
DTP
dub
dubbed
Dubuque
Duchamp
duckbill
duckbills
duckling's
ductless
duds
Duffy
dugout
duly
Dumbo's
dumped
dumpling's
dumpy
Duncan
dunce
dunging
dunk's
duplicates
duration
duress's
Durocher's
dusk's
Dustin's
dustpan
dust's
Dutchman's
duty's
Dvina's
dyers
dyking
dynamically
dynamiting
dyspepsia
dyspepsia's
e
e
eagerer
eagerest
eagerest
eaglet
Eakins's
earlobe's
earmark
earnings's
earthier
earthiness
earthling
earthquake's
earthshaking
earthwork's
Easts
eavesdrop
eBay
eBay's
Ebeneezer's
Ebeneezer's
Ebola's
Ebony's
ECG's
echo
echos
echos
eclecticism's
ecliptic
ECMAScript's
ecologists
economize
ecstasy's
ecstatically
ecumenical
eddies
Eden
edgiest
edginess's
editorials
edits
EDT
Edwardo
eel's
effectuating
effervescence's
effervesces
effulgent
Efren
Eggo's
eggs
egoist
egret
Ehrenberg
Ehrenberg's
eighteens
eighteenth's
eighteenths
ejaculated
ejaculation
ejected
eked
eking
elastic's
Elastoplast's
elation's
elation's
elderberry's
electioneering
electoral
electrification's
electrocardiogram's
electrodes
electroencephalograph
electron's
elephant's
eleven's
elfin
Elgar's
eliminate
elimination
elisions
elites
elixir's
Elizabethans
Elkhart
Ellington's
Elliott's
ellipses
Elmo's
Elnora
elongates
elongation's
elongations
eloquence's
Elroy's
Eltanin's
Elton
eluding
Elva's
Elway
Elwood's
emanation's
emasculate
embankment
embarrassments
embellished
embellishing
embezzlement
embezzlers
embezzles
embolism
emboss
embosses
emcee
emendation's
emendations
emending
emergencies
emetic
emigration's
emissaries
Emmett's
emo's
emotion
emotion's
empathy's
empathy's
emperors
emphasizing
empire's
empirical
employ
employable
employments
employments
emporium
emulators
emulators
emulsification
enables
enacting
enameled
encamp
encampment's
encloses
encoded
encountering
encroachment's
encrust
encrypted
encumber
encyclopedic
endangering
endemic
endlessness's
endlessness's
endowments
endways
endwise
enemy
enervates
enervation's
enforcers
enforces
engagingly
engendering
engineered
Englishman's
Englishwomen
engorged
engraver
engrossed
engrosses
engrosses
Enid's
enigma
enigmas
enjoining
Enkidu's
ennoble
ennobling
ennui's
enquired
enrages
enrolments
enslaves
ensue
ensues
entailed
Enterprise's
entertaining's
enthuse
enthusiasm's
enthusiast
enthusiastic
enthusiastically
enthusiasts
enticed
entitlement
entitlements
entrance's
entrances
entreated
entrenchment's
entrepreneur's
entropy
entryways
entwines
enunciation
enured
envelop
enviable
envied
environs's
envisage
envisioning
enzymes
Epictetus
epidemiology's
epidermis
epileptic's
epilogue
Epimethius's
Epiphany's
epitomized
equability
equality's
equations
equipoise
equipoise
equips
equitably
equivocally
equivocation's
Erasmus's
Erato's
Eratosthenes's
erecting
erectness's
ergonomics's
Erma's
ermines
Ernestine
error's
escalation's
escapade
escaping
escaping
Escherichia's
eschew
escorting
escutcheon
espadrilles
espionage
ESPN's
Esq's
essayist's
Essex's
EST
establishes
establishment
establishment's
esteemed
etching's
eternity
Ethan
Ethelred's
ethnologist's
Etruria's
etymology
eugenics
EULAs
Eumenides
Eurasia's
Euripides's
Eurodollar's
Eurydice's
evacuation's
evaporation
Eva's
evenest
eventfulness
eventfulness's
eventualities
evermore
evermore
Eve's
Evian's
evidence's
eviller
eviscerate
evolutionary
Ewing
Ewing's
exacerbation's
examined
exasperating
Excalibur
excavator's
excellent
except
exchange
exchanges
exciting
exclaims
exclusion's
exclusiveness's
exclusivity's
excoriating
excrescence
excrete
excrete
excretes
excretory
excusable
excuse's
executable
execution
executive's
executives
executor
exemplar's
exemplify
exhaled
exhales
exhaustible
exhaust's
exists
exists
exorcisms
expansionist's
expansively
expansiveness's
expatiate
expecting
expectorates
expeditiously
expenditure
experiment
experimented
experimenter
expiring
expiry
explanatory
explicated
explications
exploiters
exploits
explored
explosion
explosiveness
export
exposition's
expressible
expressionism's
expressionism's
expurgated
extemporized
exterior's
exterminated
exterminator
externals
extinct
extinctions
extinguisher's
extinguishers
extort
extortion
extra
extractor
extraneously
extravagance
extremer
extremism
extremist
extruded
exudes
eyeballed
eyepieces
f
FAA
fable
fable's
fabric's
fabrics
facile
facilitation
factionalism
factor's
factors
faculties
faculty
Fahrenheit's
faintness's
Fairhope
fairies
fair's
Faisal's
faithfulness's
Faith's
Falkland
fallibility's
falloff's
fallout's
fallowed
fallow's
familiarity's
famishes
famishing
fanatics
fanciness's
fang's
fangs
fanny's
fantastic
far
Fargo's
Farley's
Farmer
Farmer
farmhouse
Farragut
Farrakhan's
Farrow
fascinations
fascinations
fascists
fashioning
fashionistas
fatalist's
Fates's
fathomless
fatigues's
fattiest
faultier
faultlessly
fault's
fauna
fauna's
favorite's
fazed
FDR's
fearfulness's
fearsome
feather's
feathers
feat's
features
Feb
feckless
fecund
Fed
Fed
federal's
federated
FedEx
fedora
feds
feigning
Felecia's
Felix
Felix
felon's
felony
female
fens
fentanyl
Ferraro's
Ferrell
ferret
ferret's
ferried
ferrous
ferry
fertilization's
fest
fest
festoon
festooning
fetched
fetches
fever's
Feynman
fez's
fiasco's
Fiat
fibulas
fictionalize
fiddlers
fiddle's
fiduciary
fielder's
field's
Fields's
fiery
fiesta
fifties
fifty
fifty
fighter
figure
Fijian
filigree
Filipino's
filleted
filtration's
finaglers
finally
finally
finance
finds
fingering's
fingerprinting
fingertip's
fingertips
finisher's
finishers
Firebase's
firefighter
fireman's
fireplaces
fireplug
firepower's
fireproofs
fire's
firewood
firmed
firmness
fiscal's
fishtail
fishtailing
fists
fitted
fives
fixatives
fixer's
fixture
fizzier
fizziest
fizziest
fizzle
fizz's
fizz's
flab's
flagellums
flagged
flagstone
flagstone's
flail
flakes
flakiness
flamer
flashbulb
flashbulb
flashbulb's
flashier
flashiest
flashing's
flask
flatbed
flatness's
flatterer
flatterers
flatters
Flaubert's
flavorless
fledgelings
flee
fleeing
fleets
Fleischer
Fleischer
Fletcher's
flex's
flickers
flimflammed
flimsiness's
flinched
flintiest
flintlock
Flintstones
Flintstones's
flocking
floored
floppy
Florida's
florists
flotillas
flounce's
flounces
floured
flourish
flout's
flowchart
flower's
flowery
flowing
fluctuating
flue
fluency
fluffiest
fluids
flung
flunked
flunkie's
fluoridating
fluoride's
fluorine's
fluoroscope's
flyer
Fm's
foals
foamier
foamiest
foamiest
fobs
foggiest
fogginess
foist
folios
folklore's
folks
folksier
foobar
food
foodstuff
foodstuffs
foolhardy
foolishness's
football
footballer
footlights's
footman
footnote
footnote's
footstools
fop
foppish
forage's
forbear
forearm
forearm's
forebode
forecaster
forecasters
forecastles
forecastles
forefinger's
foreground
foregrounds
foreigner's
foreman
forensic's
forerunner
foresail's
foreshortened
foreskin's
forestation's
Forester's
Forester's
forgers
forgery
forgetful
forgetful
forgetfulness's
fork's
formalized
format
formation
formative
formatting
forsaken
forsaking
forsworn
Fortaleza
forthcoming
fortitude's
fort's
fortunes
Fosse's
fossil
fossil's
Foucault
four
Fourneyron's
foursome's
fourth
foxed
foxes
foxhound's
fractional
fragrances
frailest
frailty's
framer
framers
Francesca
franchiser's
franchises
franchising
Franck's
Frankfort's
frat
fraternity's
fratricides
frat's
Frazier
frazzling
freckle's
Fredric
freebases
freebasing
freebee
freebie's
freed
freehold
freeholders
freeloading
freestyle
freighter
freighters
Fremont's
French
fresco's
freshened
freshet
fretfulness
fricassee
fricasseed
fried
Frieda's
friendlier
friendliness's
friendships
frigate's
frighteningly
fringing
frittering
frittering
frivolity's
frivolous
frivolous
frogs
frolicking
frolic's
frolics
frontage's
Frontenac
frontispiece's
frost
frosted
frostings
Frost's
frown
fructifying
fruitcakes
fruitfulness's
frump
frumpy
fry's
Fry's
FSF's
fuck's
fuddle
fuddling
Fuentes
fugitives
Fuji's
fulfilling
fulls
fully
fully
functioned
fundamentalist
funereal
fungus
funk
funneled
funniest
furbelow's
furious
furlough
furnishes
furor
furrier's
furtherance's
fury
fuses
fussed
fustiest
fuzzball
fuzzier
fuzz's
G
gabardine
gabardines
gabble's
gabbles
gabby
gaberdine
Gabriela
gadflies
gadgetry's
Gaelic's
gaffe's
Gaiman's
Gaiman's
gain
gain's
gainsaid
gal
Galapagos
gales
Galileo's
Gall
Gallagher
Gallagher's
gallbladder's
Gallic's
gallivanting
gallows's
galvanizing
gamble
gamblers
gambles
Gamble's
gamest
gamey
gamier
ganglier
gangrening
garaging
garbage
garbanzo's
gardenia's
Garfield
Garfunkel's
gargling
garishly
garlands
Garner
garnered
garners
garnets
garnish
garnishee
garnish's
garrisoned
garrison's
garrotes
garters
Gary's
Gascony's
gassy
gateway
gauche
gaudiness's
gaudy
Gauguin's
Gaul's
Gauls
gauntness
gay
gayness's
gayness's
gazebo's
gazetteer's
gazettes
gazillion
GB
Ge
gear
geegaw's
geez
geezers
Geiger's
gelatin
gelatine
gen
gendarme's
genealogists
generalizes
generators
generic
generous
Gene's
geneses
genesis's
geneticists
genitalia's
Genoa's
genocide's
genomes
gentile's
gentiles
Gentiles
gentility's
gentlefolk's
gentling
Gentoo's
Gentoo's
gentry
Gentry
gents
genuflect
genuineness
Geo
geographies
geologic
geometer
geopolitical
George's
Georgians
Gere
germanium
Germany's
gerontologist's
gerrymanders
Ge's
gesticulations
gesture's
Getty's
Ghazvanid's
Ghent's
ghostliest
ghostwriters
Gide's
Gienah
gifts
gigged
giggle's
GIGO
gillions
gilt
gimcrack's
gimlet
gimlet
Gina
gingerbread's
gingham's
Gingrich's
ginkgo
ginning
Ginny
Giorgione
Gipsy's
girder
girts
gismos
Giuseppe
gizmos
gizzards
gladiola
gladiolus
glads
glamor
glamorized
glamourizing
glanced
gland's
glass
Glastonbury's
glazes
glazing
Glenda
Glendale
Glenlivet
glibber
glimmering
glimmering
glimmering's
glimpse's
glinted
global
globule's
gloried
glory
glossaries
glottises
glows
glue
glutting
glutton's
glycogen's
gnarling
gnash's
Gnosticism's
gnu
gnu's
goalkeeper's
goalpost's
goal's
goat
gobbed
gobbler's
gobblers
gobblers
goblet's
God
godchildren's
godhood
godhood's
godparents
Godthaab's
Godzilla
Goebbels's
Goebbels's
goes
Goethals's
Goff
Goff
Goff's
Gog's
Goiania's
Goldman
goldsmiths
golfs
Goliath's
Gomorrah
Gomorrah's
Gompers
goober
goodby
goods's
goof's
Google
Google
google's
goop
gore
Gorgas
gorp
gorse
gorse
Gospel
gossamer's
gotchas
Göteborg
Goudas
goulash's
gourmet's
governable
governed
governing
governorship's
govt
grabber
grab's
graders
graduate
graduation
graduation
graduation's
Graffias's
grafter's
Graham
Grammy
grandchildren
grandiloquence
grandiloquent
grandness's
grandstand
grants
granulation's
graphing
graphite's
graphologists
grappled
grapple's
grasshopper's
gratefulness's
gratefulness's
grater's
gratifications
gravely
gravely
gravestone
gravy
grayness's
greater
greatly
Greeley's
Greenpeace's
green's
Greensleeves's
greet
greeting's
gregarious
grenades
Grenadines
Grendel
Gretzky
Gretzky's
greyhounds
greyhounds
griddle
grievances
griffin
Griffin's
grimaces
grimacing
grimed
Grimes's
Grimes's
Grimm
Grinch
grindstones
grippe's
Gris
gristle
gristly
gristly
gritted
grizzled
groan's
grocery's
groggier
grog's
groom
grossing
Gross's
Grosz's
Grosz's
grottos
grouchiness
grouper's
groused
grower
growls
grubbing
grudge's
grudges
grungier
grunting
Grus's
G's
Guam
guarantees
guarantors
guardrooms
guava's
Gucci
Guernsey
Guernsey's
Guerra
guesses
guffaws
guides
Guinean
Gujarati's
gulags
Gulfport
gulled
gullible
gullies
gully
gunman's
gunny's
gunrunner's
Guofeng's
guppies
Gurkha
guru's
gusts
Gutierrez
gutters
Gwalior
Gwen's
gymnasium
gymnast
gymnastic
gymnastics's
Haas
haberdasher's
haberdashers
habitation
habituates
habituation's
hacienda's
Hadar
Hadar
Hadar's
Hadoop
haemorrhage
haggled
Haifa
hailed
hailstones
hairdo's
hairdresser
hairline's
hake
halfpenny
hallelujahs
Halloween's
hallucinations
hallucinogenics
halt
halving
Hamhung
hammered
Hammerstein
Hammett's
Hammond's
Hampton
Ham's
hamstring
hamstring
hamstringing
hamstring's
Hamsun
hand
handbill
handcart's
handcart's
handcart's
handful's
handheld
handicraft
handily
handiness
handiness
handiwork's
handiwork's
handling
handmade
handpick
handrail's
handset
handsful
Hanford's
hanged
hanging
hangman
hangnails
Hangzhou's
hankers
Hanukkah
haphazard
happened
haranguing
Harare's
harasses
harbor
harbors
hardheadedly
hardier
hardiness
hardiness's
Hardin's
hardtop's
harkening
harlequins
Harley
harlot's
Harlow's
harming
harmlessness
harm's
harness's
Harold
harridan
Harrington
Harrods's
harry
harshness's
Hart
Harte
Harte's
harvester's
harvester's
hash
hasp's
hassock's
hastily
Hausdorff
Hawaii
hawing
hawing
hawker's
hawkish
haymow
hayseed
hazes
hazily
Hazlitt's
HBase's
headbands
headbands
headlight
headlock's
headphone
headroom
healthiness
hearkening
hearsay
hearsay's
Hearst
heartbeats
heartbreaking
heartened
hearth
heartlessness's
hearts
heartstrings's
heatstroke
heavenliest
Heaviside
heckles
hectoring
hector's
Hecuba's
hedgerow's
hedges
heedlessness
heehawing
Heep
Hefner's
Hegel
Hegel's
heinously
Heinrich's
heir
heirloom's
heirlooms
heirlooms
heir's
heirs
Helen's
helium
helix
hellebore's
Hellenism's
hellholes
hellion
helmsman's
helpfully
helpmeets
hemispherical
hemline
hemlines
hemlocks
hemoglobin
hemorrhage
hems
Hepplewhite
Heraclitus's
herbage
herding
hereupon
heritages
hermaphrodites
hermitage
hermitage's
heroin's
heros
Hershey
Hertz
hertzes
Herzl
he's
Hesiod
hesitancy's
hesitation
heterogeneous
hexed
hey
heydays
Heyerdahl
Hf
hiatuses
hibernated
hibernated
hibernating
hiccough
hickey
hickey's
hicks
hideousness
hideout
hierarchical
highboys
highlighting
Highness's
highwayman's
hilariously
Hilfiger's
hilts
hindsight's
Hines's
hinge
Hiram's
hire
hire's
Hispanic
Hispaniola
Hispaniola's
historically
histrionics's
hitched
hitches
Hitlers
hiveminds
hive's
hoariness
hoaxers
hobbits
hobnails
hobos
hobs
hodgepodge's
hods
hoedown
hoedowns
Hofstadter's
hog
Hogan's
Hohokam
hoisting
hoists
holder's
Holiday's
holier
Hollerith's
hollowed
Holocene
homeboys
homelier
homely
homemade
homepages
homeroom's
Homer's
homesick
homestretch's
hometown's
homeyness
homey's
homicidal
homie's
homies
hominess
hominy
homogeneity's
homophobia's
Honda
Honecker
honest
honey
honeydews
honeyed
honeysuckle's
hoodies
hoodlum's
hoodwinks
hoof's
hookahs
Hooker
Hooker
hooking
hooks
hookworm's
Hooper's
Hooters
hooves
hopeful
hopelessness
hording
hormone's
horrendously
horribly
horseback's
horsehide
horseradish's
horticulture
hosed
hoses
hosiery
hospitalization
hosteler
hostelry
hostels
hostels
hosts
hotheadedly
hothouses
hotkeys
hotly
Hottentot
Houdini's
hour's
House
housecoat's
housecoat's
housekeepers
house's
Hovhaness
Howell
however
howitzers
Hoyle's
HP
HQ's
HS
huckstering
HUD
Huey's
huffily
huffing
hugely
hugely
Huggins's
Hughes's
Huguenot
hulks
hulling
humaneness's
humaner
humanism's
humanize
humanly
humanoid
humans
humbly
humidity
humidor's
humiliating
humorous
humors
humping
hunchbacks
hundreds
hundredths
hung
hunger
hungover
hurler's
Hurley's
hurls
hurricanes
hurry's
husbandry
hush's
husking
husky
Hussein
hustler
hustle's
Huxley's
Hyderabad
Hyde's
Hydra's
hydraulics's
hydroplaning
hydrotherapy
hymns
hyperbola
hyperspace
hyperventilate
hyphens
hypodermic
hypotenuses
hypothermia
hysteria
hysteria
hysteria's
hysterical
hysterically
iambic
Ibadan
IBM
ICBM's
ICBMs
ices
icing
icings
iconoclasts
icon's
Idahos
idealized
ideogram
ideologist
ideologist
ideologist's
ideology
ides
ides
idiocy's
idiosyncrasy's
idler's
idlest
idlest
idolatry
Ignacio
ignobly
ignorance's
ignorant
ignore
illegibly
illegitimate
illicit
illumined
illustrating
illustrator
imaginatively
imagining
imam's
imbecilic
imbedding
Imelda's
Imhotep's
imitating
immanent
immaturity's
immeasurable
immigrate
immobilization's
immolating
immortalized
immortalizing
immortals
immunology
IMNSHO
impaled
impalement
impalement
impalpable
impanel
impeaches
impedimenta's
impenetrability
imperatives
imperfectly
impermanence's
impersonal
imperturbability's
impetuously
implacability's
implausibilities
implausible
implementation
implicitly
imploded
implodes
important
importunes
impresario's
impressionists
impressive
imprimatur
imprudent
impulsed
impure
imputed
Imus
inaccuracies
inaccuracy
inaction's
inaction's
inadvertently
inadvertently
inadvisable
inalienable
inalienable
inanimate
inaudibly
inboxes
inbred
incandescent
incapability
incarcerate
incendiary
incensing
incentive's
inception
incident
incidental's
incinerates
inclemency's
inclement
inclosing
inclosure's
incompetence
incomprehensibly
inconsolable
incontrovertibly
inconveniently
incorporate
incorrect
incorrigible
increases
incremental
incriminated
incriminates
incrimination's
incrusted
incubation
inculcation
incurs
indecency
indelicate
indentation
indenture's
independence
independently
Indianan
Indianapolis
indicator
indiscretion
indiscretions
indiscretions
indiscriminate
indiscriminately
individualist's
individualize
individualizes
individuals
indivisibility's
Indonesia
Indore's
indorses
indulge
indulgence
indulgence's
Indy
Indy
ineffectiveness's
inefficient
inefficiently
ineligibility
inequality's
inertness
inessential's
inexhaustibly
infatuation
infectiousness
infects
infelicity
inferior
inferior
infertility
infest
infidelity's
infiltrates
infiltrator's
infiltrators
infinitive's
infinity's
infirm
infirmity's
inflammation
inflationary
inflections
influx's
info
info's
infringe
infused
ingenuity
ingenuously
ingests
ingrained
Ingram
Ingram's
ingratiates
ingratitude's
inherit
inheritor
inhibitions
inhumane
inhumanely
inhumanly
inhumanly
initiatives
initio
injustice
inkier
inkiest
inkiness's
inklings
inlaid
innocence
innocent's
innuendo
inoculations
inquest's
inquest's
inquietude
inquires
inquisitively
insanest
insectivore
insectivore's
insemination's
insentience's
insider's
insidiousness
insight
insinuate
insinuates
insist
insistence's
insistence's
insolubility's
insoluble
insomniac's
insomniacs
inspiration's
instalment's
instigator
institute
instrumentality's
insulates
insulted
insult's
insupportable
insurrectionist
integrating
integrator
integument
intellectualized
intellectualizes
intellectualizes
intelligence's
Intelsat
intended's
intensification
intensification
intensifier
interaction's
intercede
intercedes
intercept's
intercept's
intercession's
interchanging
interconnections
interdiction's
interest
interim
interjecting
interjections
interlace
interlocks
intermezzo's
intermingled
internalized
internationalizing
interne
interne
interoffice
interposed
interposes
interrelates
interrelation
interrupted
interrupted
interrupts
intersecting
intervened
interviewee
interviewees
interviewees
intones
intranet
intransigent's
intransigents
intravenous
intrenches
intrepid
intrinsic
intrinsic
intrinsic
intrinsically
introductory
intro's
intruders
intrusion's
intuition
intuitively
Inuktitut's
Invar
invariables
invariant
inveighs
inverse's
inverses
invertebrate
inverts
investments
investor
invigorating
invigoration
invigoration's
inviolability's
invite
invocation
invoicing
invoicing
involuntarily
involves
ioctl
ioctl
ionization
ionizer
ionizers
ion's
Iowan's
ipecac's
Iqaluit's
Iqbal
IQ's
Iraq's
irascibility's
Iris
iris's
Irma
Irma
iron
ironical
ironwork's
irregular
irrelevancy's
irreparable
irrigating
irrigation
irritations
irruptions
Ir's
Irving
Isabel
Ishim
isinglass's
Isis
islands
Ismael
isms
isometric
It
italicizes
itchiness
Ithaca
IUD
Ivan's
ivory
Izod
jacket
jackrabbit
jacks
Jacksonville's
jade's
jailer's
jailor's
Jaime
James
Jami's
Jan
jangle
Janjaweed
Janna's
japan
Japan
japanning
Jarrett
Jarrod's
jars
jasmine
Jason's
javelins
javelins
Javier
jazziest
jealousy's
Jeannette
Jeannette
Jeep's
Jeep's
Jeff
Jehovah's
jelled
jellies
jelly's
Jenner
Jenner
jeopardize
Jephthah
Jeremiah
Jeremiahs
Jericho
jerked
jerkier
Jermaine's
Jerrod's
jerseys
Jersey's
jests
jetties
jettison
jettison
jiggered
jig's
jigsawn
Jim
Jimenez
Jimmie
Jimmie's
jimmy
Jimmy's
jinns
jobs
Jocasta
jockeys
jockeys
Jockey's
jockstrap
jockstrap
jocosity's
jocundity's
jodhpurs's
Jody
Joel
Joel
jog's
Johnathan
Johnathan's
Johnston
jokes
jolliness's
Jones's
Josefa
Josef's
Joseph's
Josephson's
Joshua's
Josie's
Josue
jot
joules
Joule's
Joule's
jounce
journals
joust's
Jove
joviality's
joyous
joyousness's
joyrider
Joy's
joystick's
Juana's
Jubal's
Judaic
Judases
Judas's
Judas's
judge's
judges
judgments
Juggernaut
juggled
juice's
jukeboxes
Juliana
Julies
July
jump
jumpiness
juncture
junctures
Jung
junkets
junkyard's
Jurassic's
jurisprudence's
jurists
jury
justification
justify
justness
kaboom
Kahului's
kahuna
Kaitlin
kale's
Kamehameha
Kampuchea's
Kane
Kansans
Karaganda's
karat
Karenina's
Katelyn
Katharine
Katharine's
Katmandu's
kebob
Keck's
keenly
keeper's
kelp's
Kelsey
Kelsey's
kennelled
Kennewick
kenning
Kenya's
Kerr
kestrels
kettle's
Kevlar's
keyboarder
keyboarder's
keynotes
keyword's
KGB
Khachaturian's
Khazar's
kibbutz's
kickbacks
kiddies
Kidd's
kidnapper's
killed
killed
kilo
kilobytes
kilos
Kilroy's
Kimberley's
kimono's
kind
kindness
kinfolk
kinfolk
kinfolks's
King
kingdoms
kingdoms
Kinsey
kiosk's
Kipling's
Kirinyaga's
Kirinyaga's
kismet's
Kissimmee
Kit
kiwis
Klee's
Klimt
Kline
kludging
km
knack
knackwursts
knavery's
knave's
knee
kneeing
kneeled
kneeled
knee's
Knesset
Knight's
knoll's
knots
knotted
knuckleheads
Knuths
Kobe
Kojak's
kookaburras
kookier
Koppel
Korzybski
Krakow's
Kristie's
Kristine's
Kropotkin
Kr's
krypton's
kudos
kudzus
Kurosawa
Kurtis
Kurtis
Kusch's
Kwan's
Kyrgyzstan's
laboratory
laborer's
labor's
labor's
labors
Labrador
Labrador
Labrador's
laburnum
labyrinthine
labyrinthine
lacerated
lacerates
laceration
laceration's
laces
Lacey
lackluster
lacquers
ladder's
ladies
ladles
ladybird
ladyfinger's
ladyfinger's
Lafitte's
lagniappes
lagoon's
lag's
lag's
Lahore
lamasery's
Lamaze's
lambing
Lambrusco
lamebrain
lamed
lamer
lames
lampooning
lampoon's
lamppost's
lampshade
lam's
Lanai
Lancelot's
lance's
lancets
landlord
landlord's
landmasses
landmasses
Landon's
landslid
Lane
Lang
languid
languors
lantern
Lapps
Lapps
laptops
Lardner's
largely
largesse's
largess's
largo
lariat
lark
Larsen
Lars's
laryngitis
laryngitis's
laser's
lases
lassie
lassie's
Lassie's
lassoes
lasting
lastingly
latch
later
Lateran
lath
lathing
latitudinal
Latonya's
latrine
lats
laughed
laughing
launch
laundry
laundrymen
laurel's
lavish
lavishing
lawfulness's
lawlessly
laxative's
Layamon
Layamon
layering
Layla's
layman
lazed
laziest
lb
LBJ's
leached
leached
leaf
leaflet
leaflet's
leafletting
Leander
leanest
leaning
Leanna
lean's
leaping
learning
learns
learnt
leathery
leavened
leaving
leavings's
Lebesgue
lecher's
lectern
lecture
LED
ledger
LED's
lee
leeched
leeway
Left
legalese's
Legendre's
legibility
legitimate
Lego
legrooms
leg's
Leibniz's
Leicester
Leila's
Lemaitre's
lemming
lemur's
Lena
Lenard
lengthiest
Leninist
Lenora
Leonidas's
Leo's
leprechaun
leprosy's
Leslie
Leslie
lessons
letdown
Letterman's
lettuce's
letup's
leukemia
levelness
level's
levered
leviathan
levies
levitate
Lewis
Lhasa's
Li
Li
liaises
liberalization's
liberators
Liberia's
libertarian
liberties
librettos
licences
licencing
licensees
licking
licorice
licorice's
lie
lien's
lifeblood
lifeboat's
lifeline
lifesaving
lifework's
lift
ligament's
lighter
lighthearted
lightheartedness
lighting
lights
likeableness
likelihood
likelihood
liking
liking's
Lilia's
Lilith
Lilly
lilt's
lilt's
lily's
Lima
limbered
limitless
Limoges
limos
limped
limpet's
limp's
Lincoln's
Lindy
linefeed
liners
liniments
link's
Linnaeus's
linnet
linnet's
linoleum
Linux
lioness
lionesses
liquefaction
liquefied
liquidator's
liquidizing
liquoring
liquoring
lira
lira's
lisps
listening
literary
lithographer
lithographic
lithographing
lithosphere's
Lithuanians
littler
littoral
littorals
liturgy
liven
liven
living's
Livingston's
lix
Lizzie's
llamas
load's
loan
loathed
loathings
lobbyist
locates
location's
Lockean
Lockean's
locker
locker's
Lockheed's
locksmith
lockup
locoweeds
locus
Loewi's
loftier
loftiness
loftiness's
lofty
logarithmic
logarithmic
logarithmic
logarithm's
logarithms
logistically
logistics's
logotype
logotype
loin's
loitering
lolls
Lombardy
lonesome
longitudinal
Lon's
look's
looney
loons
looped
looping
loosing
lops
lopsidedly
lopsidedness's
loquacity
L'Oreal's
L'Oreal's
Loren's
Lorie's
lorries
lots
Lottie's
loudspeakers
Louie's
Louisiana
lousiest
lousy
lout's
Lovecraft
lovely's
lowland
loxes
loyalty
Luann's
Lubavitcher's
lubes
lubricants
lubricator
Lubumbashi's
lucidity
Lucille
Lucinda
Lucio's
luckiness
lucre
ludicrous
lugubriously
lull's
Lumière's
luminescence's
luminosity
luminosity's
lumpier
lunacies
luncheonette's
lunchroom
lunchrooms
lung's
lupine
lupine
lupine's
lupin's
lured
lurk
lusciously
lustier
lustiness
Lutheran's
Luxembourger's
luxuriance
Lydia's
Lyell
lying
Lynette's
Lynne's
Lyon's
lyre
Lysistrata's
Mabel
macaroni
Macedonia
macerated
Mach
Machiavellian
machismo's
macintoshes
Macintosh's
mackerel
MacLeish
macro
macrocosms
madcap
maddest
Madge
Madison's
madrigal's
Madurai
madwomen
Magdalene
Magdalene's
Maggie's
magician
magnanimity
magnetic
magnetism's
magneto
magnificence
Magog
maharishi
Mahavira
Mahavira
Mahayanist's
Mahicans
Mahler's
Maigret's
mailbombs
mailbox
mailer's
mailman
Maiman's
Maine's
mainland
mainmast's
main's
main's
mainstays
mainstream
mainstreamed
maintained
maintainers
majesties
majored
majorly
Major's
makeshift's
makeups
maladjustment's
malarial
malediction's
malignancy
Mali's
mallard's
Mallory's
mallow's
malnutrition
malt
mambo
mammal
mammal's
Mamore's
manage
Manasseh
Manchu's
Mandelbrot
mandolin's
mandrakes
manes
maneuverability
maneuverability's
manful
mange
Manhattan's
manhole's
maniac
maniac
maniac's
manikin's
Mankato's
Mann
manners
Manning
Manning
Manning's
mannishly
mannishness
manse's
mantels
mantes
mantlepieces
manual's
manufacturing's
manure
many
Maori's
maples
mapper
map's
Maputo
mar
marabous
maraca's
marathoner
marathon's
Marcelo's
Marc's
Marduk
mare
Marge
marginal
Marguerite's
Maria's
marihuana
marimba
marinaded
marinas
marinated
marinates
Mario's
Mario's
marker
marketability
marks
Mark's
marksman's
markups
Marlborough
Marlene
marmosets
Marne's
Maronite's
marquee's
marrows
Mar's
Marseilles
Marshall's
marshmallow
marsupial's
mart
Martial
Martinez's
Martinez's
martin's
martyr's
Marva
marveling
Marx's
Maryanne
mascot
mashers
mashing
mashups
mask
masochistic
Masonite
Mason's
masquerading
massages
masses
masseuse's
mastectomy's
masterstroke
masticating
mastiff's
matchbox's
mate
mated
material
material's
materials
maternal
mathematically
mathematician
mathematics's
matrons
mat's
matte
Mattel
matter
Matthew's
Matthews's
mattock's
mattress's
maturest
maudlin
Maud's
Maui's
mauled
Maupassant's
Mauricio
Mauryan's
mausoleum
maverick's
mavericks
mavin's
maxes
max's
Mayer
mayflowers
mayhem
mayo
maypole
May's
Maytag's
mazes
Mbini
McCormick
McGowan
McGowan's
McGuire's
McHenry
McIntosh
McIntyre
McKinney
Md
me
meadowlarks
meagerly
mealy
meander's
meanders
meantime
meantime's
measured
meatball
meatloaf
Medan's
median's
medicate
medicated
medication's
Medici's
megachurch's
megacycle's
Megan's
megapixels
MEGO
MEGO
melanges
Melanie
melanoma
Melisande's
Melissa's
Mellon
mellowed
melodies
melodramatic
melt's
memberships
memorandums
memorializes
memorializing
memorizes
menacingly
Menander's
mendacity
mendacity's
Mendel
Mendel's
Menelaus
Menes
Menes's
Menkar's
merchandise
merchandizes
merchant
mercurial
merely
meringues
meritocracy's
Merle
Merovingian's
Merriam
Merrill
Mesabi's
mesas
mesmerized
Mesopotamia
message's
message's
Messerschmidt
Messiah
messily
meta
metabolize
metabolize
metaphysics
metatarsal's
meteorite
meteorological
meters
methane's
methanol's
Methodisms
methodologies
methought
methought
Meyerbeer
Meyer's
Mfume
Mfume
Mia
miaow's
miasmas
miasmata
Micawber
Micawber's
Micheal's
Michelangelo's
Michele's
Michelin's
microbes
microfiche
Micronesia
Micronesian
microprocessor
microwaving
Middletown
midget
midget
midsummer's
midtown's
Midway's
midwifed
midwifery
mien's
migraine
Miguel
Miguel
miking
milder
mildly
Mildred's
mileages
milfs
militants
militarists
military's
militating
milked
milker
milkweed
millage
millennium's
millepedes
millers
millet
Millie
milligrams
milliliter's
millimeters
milliner's
millipedes
mill's
millstones
Milquetoast
Miltown's
mimeograph
mince
minced
Mindanao
mindlessness
mineral
Minerva
mines
Ming
minibus
minimalists
minims
ministrants
ministry's
minor
minority's
minster
mintier
mints
Minuit's
minuscule
minuteman's
minuter
minutia's
Miranda
mirrored
Mir's
misadventure
misalliance
misanthrope's
misanthropes
misapplying
misappropriation
misappropriations
misbehavior's
misconceiving
misconstruction
misdiagnosing
misery
misfiring
misfit
mishandling
mishaps
mismatch
misnomers
misogynistic
misplay's
mispronounced
misquote
misreading
misrepresenting
misshapen
missilery's
missionaries
Mississippian's
misstep's
mistiming
mistletoe's
mistook
mistrust's
Mithridates's
Mitsubishi
mixing
Mizar's
moan
mobility
mobilized
Mobil's
moccasins
mocha
model's
modernism
modernized
Modesto
Modesto
modifier's
mods
modulate
module's
Mogadishu
moiety
Moira
moisturizer's
molars
molasses
Moldavia's
molded
mole's
mollified
mollycoddle's
Molotov
mommas
moms
monarch's
monasticism
monaural
monetarism
monetized
monicker's
monied
monies
monkeyed
monolith's
monotheists
monotonic
Mons
Monsanto's
monstrance
monstrosity
montage
Montague's
Montanan's
Montenegro
Monterey
Montevideo
Montoya's
monument's
mooches
moods
moonlighting's
moonlights
moonlights
moonshot's
moonstones
Moore
moot
moppets
Morales's
moralist
morally
morass
moratoria
Mordred
Morley's
Mormon's
morns
moronic
morpheme's
morphine's
morsel
mortals
mortared
mortgages
mortice
mortice
mortification
mortifies
mortise
Moselle's
moseyed
mothball's
mother's
motionless
motivators
motives
motorbike's
motorcade
motorcycle
motormouths
mottling
motto's
mountains
mountaintop
Mountie's
mountings
mourner's
mouser's
mouses
mousetrap
mousiness
moustaches
Mouton's
mow's
mows
Mozambican's
Mozilla
Mrs
MSG
MSG
MST
muddied
mudslinger's
muezzin
muezzin
muffler's
mugged
mugger's
mug's
Mujib
mulberry
Mulder
mulishly
mullet's
mulligatawny's
mullions
Multics
multifaceted
multilingual
multilingual
multilingual
multiplicands
multiracial
multitask
mumble
mumblers
mumblers
mumble's
mummies
mummies
mummification
mummify
mumps
Munch
Munch
Muppet's
murderesses
murderess's
murdering
Murfreesboro
murkiest
Murmansk
Murphy
musculature
Muse
mused
muses
museum's
Musharraf
mushroom's
mush's
musketeer's
musketeers
Muskogee
mutants
mutates
muted
muteness's
mutes
mutest
muting
mutiny
MVP
Mycenaean
Myrdal
myriad's
MySpace's
mysticism
mystifies
NAACP's
nacho
nadir's
Nagoya
Nagoya
Nahum's
nailbrushes
Naismith
nakedness
name's
Nanak
napalm's
naphthalene's
naps
narcotic's
narcotics
narc's
narrative
narratives
narwhal's
nasal
nasalized
Nash's
Nathan's
Nathans's
nation
nationalism's
nationalization
nationalizes
nationally
native's
NATO's
naturalist's
naturalness's
naughtiness
naught's
nausea
nauseated
Nautilus
Navajo
naval
nave
navigability
navigate
navigation's
Naziism's
Ne
Neapolitan's
nearsighted
neatness's
Nebuchadnezzar
neckerchief
necks
neediness
needles
negation's
negativity
negligence
negligent
negotiators
Negroes
Negroids
Negros
Negros
Negros's
Nehru
neighing
Nell
Nelsen
Nelson's
Nemesis
neodymium
Nepal
Nerf
nervelessly
nervous
Nestorius
net
netbook's
Netherlands's
Netscape
netters
neuralgia's
neurology
neurotic
neurotics
neurotransmitter
neutralization's
Nev
Nevada
Nevadans
Nevada's
Neva's
new
newbie
newborn
newels
newsboy
newsgroup
newspaper's
newsprint
Newtonian
next's
nexuses
Ngaliema's
Nicaraguans
Niccolo's
niche's
niches
Nichole's
Nicholson
nickel
nickelodeons
nickelodeons
nickle
Nick's
Nicobar
Nieves's
Nigerian
Nigerian's
niggard
niggas
niggaz
nigh
nightingale's
nightshade's
nightshirt
Nikita
Nikolai
Nikolai's
nil
Nile
NIMBY
Nimrod's
nincompoops
nine
nine
nineteen's
ninetieth's
ninetieths
ninety's
nipped
nippy
niter's
nitroglycerine's
nitroglycerin's
Nobel's
nobler
nocturnal
nocturnal
nod
noddy
nodules
Noelle
noggin
nominations
nominatives
nominee
nonbeliever
nonconductor's
noncooperation's
nondeductible's
nondenominational
nondrinker
noninterference's
nonjudgmental
nonjudgmental
nonmember
nonobjective
nonphysical
nonpluses
nonprescription
nonproductive
nonresidents
nonstop
nontoxic
noodle's
noon's
noontime's
nooses
nor
normalcy's
Normandy
Norplant
Norris
northeast
northeasters
northeastward
northern
Norwegian's
nosebleeds
nosediving
nosh's
nostalgia
nostalgic
notarize
notified
notorious
Nouakchott's
novel
NT
nucleuses
nuder
nudes
nuisance's
nukes
numb
numbed
numerating
numerating
numeration
numeration's
numerator's
numerators
numismatics
numismatist's
Nunavut's
nuncios
Nunez
nutriment
nutriments
nuzzled
nuzzling
nymphomaniac
nymphomaniac's
NyQuil
oafs
oafs
oarlock
oases
Oaxaca's
obeisance's
obeisances
obelisks
obeys
obfuscating
obfuscating
obit
objects
obliquely
obliterate
obliteration
observing
obsidian
obsidian's
obverse
obviate
Ocala
Ocala
Ocala
occlusive
occult
occupies
occur
oceanic's
ocelots
ocher
Ochoa
o'clock
octagonal
octal
odder
oddity's
odds's
odes
Oedipus's
offal
offense
offensive
offensiveness's
offerings
officeholder's
officer's
offline
offloading
offstages
ogre's
OHSA's
oiliness
oil's
oinked
oinks
okras
Ola
Oldenburg
oldie
old's
Olenek's
olive
Olympian
ombudsmen
omissions
Onegin's
O'Neil's
onerous
onetime
online
onomatopoeia
Onondaga's
onset's
onyx
oozes
opaquest
OPEC's
opener
operatic
ophthalmic
ophthalmologists
ophthalmology's
opposes
opposing
oppresses
ops
optimizer
optioning
optometry's
Oracle
orangutang
orated
orating
oratorical
oratorios
orbital's
orbit's
orchestra's
ordains
ordering
ordinance
ordination
ordination
Orestes
organ
organdie's
organelle
organism
organize
organize
orgasm's
orgy
orient's
originating
Orin's
Oriya's
Orkney
Orkney's
Orlon
ormolu
ornithology
Ortega's
orthopedics
OS
osiers
ostentation's
ostentation's
osteopathy
osteoporosis's
ostracism's
ostracizes
others
otters
ourselves
out
outage's
outage's
outback's
outburst's
outbursts
outcast's
outcasts
outclasses
outclassing
outcome's
outdated
outfielders
outflanked
outgrown
outlandish
outlet
outmanoeuvred
outnumbered
outperforming
outpouring
outrage's
outrider
outshone
outsiders
outsides
outsize's
outsmarting
outsourced
outspokenness's
outspreads
outspreads
outwears
outweighing
oven
oven
overall's
overawed
overbalancing
overboard
overbooks
overcasting
overcharges
overcoat
overcompensation's
overdone
overemphasizes
overestimate
overestimated
overextending
overextending
overflow
overflows
overhang
overhear
overjoy
overlapped
overpaying
overreaching
overripe's
oversampling
oversaw
overselling
oversensitive
oversharing
overspend
overstatements
overstating
overstaying
oversupplied
overtaxes
overtones
overusing
owlish
owl's
owl's
owner
oxbow's
oxbow's
Oxford
oxford's
oxidizer
ox's
oxyacetylene's
oxygenation
Pa
pacification's
Pacino
packet
pact's
paddle
paddled
Paderewski's
Paganini
pagan's
pagan's
pagan's
paged
pagers
pain
painfuller
painkiller's
painless
paint's
paintwork
paisleys
Pakistan's
palazzi
Paleocene's
Paleogene's
Paleozoic
Palermo's
Palestine's
palimpsest's
palliate
palmettoes
palm's
palomino
palpitation
Pamirs
Pampers's
panache's
Panasonic's
pandas
panderers
pandering
panhandler's
panhandle's
panhandles
panier's
Panmunjom
Panmunjom's
pantheon's
pantie's
pantyhose's
papayas
paperback
paperbacks
papered
papers
papilla
papoose's
paprika
papyruses
parable
parables
paradox's
parallel
paralysis
paralytic's
paramedical's
paramount
paramour's
parapet's
paraplegia
parapsychology's
parent's
pares
Pareto's
pariah's
Paris
Parker's
parlaying
parleying
parochialism's
pars
parsec's
Parsi's
parson's
partaking
Parthia's
partial's
participant's
participles
particularities
parting's
Pascals
Pascals
Pasco
passable
passably
passbook
passengers
passerby's
passive's
passive's
past
pasteboard
pasteurizes
pastiche's
pastiest
pastorate's
pastry's
patchwork's
patently
patent's
paternal
paternalism
paternally
pathos
paths
pathways
Patna's
patois
Patrica
Patricia
Patricia's
patriotic
patrolled
patrolman's
patrolwoman
patronage's
patronizing
patsies
patsy's
patter
pattered
patter's
Patti's
Patton's
paucity's
Paula's
Paul's
pawnbroker
pawns
payees
payments
paywall
PC's
peacock's
pealing
pealing
peals
peasantry
pebble's
peccaries
Peck
pectin's
pedal's
pederasty's
pedestrians
pediatrician
pedicured
pedicures
peek's
peevish
Pekineses
Pele
Pelee
pellagra's
pelt
pelvis
pelvises
Pembroke
penetrated
peninsular
penknife's
penmanship
pennant
Penn's
penny's
pensive
pensive
pentagon
penthouse's
Pentium's
penurious
peony
people's
peppiest
percentage's
perch
Percheron's
percolators
percolators
perfidy
perforating
perforation
performing
perfume
perfume's
perhaps
perigees
perilled
perilous
perimeters
perish
peritoneum's
periwigs
perjury's
perks
Perl
Perm
permanent
permeates
permed
permed
permits
perorations
perplex
Perry's
person
personage
personal
personalize
persona's
personify
perspectives
perspectives
persuasion's
perter
pertinacious
pertinacious
pertly
perturbation's
perusal
perusal's
pestle's
pestling
petitions
petrified
petrol
petroleum
petrol's
pet's
pettier
pettifogged
pettifogger's
pettifogging
Pfizer
phantasm
pharmaceutical's
pharmacologist's
pharmacologists
pharmacology
pharmacopeia
pheasants
phenotype
Philadelphia's
philippic's
Phillips's
philologist
philter
phlegmatic
phonic
phonographs
phonologists
phonology
phooey
phosphorescence
phosphorescence's
phosphors
phototypesetting
phrased
phrasing
Phyllis's
phylum
phylum's
physic
physicals
physician's
physicists
physics's
physiotherapy
Piaget's
piano
pianofortes
pica
picante
piccolo's
pick
pickaxing
pickax's
picked
pickerel
Pickett
picking
pictograph
picturesque
picturing
pidgin
piece
piecing
piggy
pigskins
pilau
piled
piling
pillages
pillbox
pillowed
Pillsbury
pilot
pilot
pilot's
pimiento
pinches
pinches
Pindar's
pines
pinhead
pinkeye
pinkeye's
pinkeye's
pinochle
pinpricks
pintoes
pioneers
piped
pipped
pips
piquant
pique's
piranhas
pirate's
pirouette's
pistil's
pistols
pistols
pit
pitch
piteous
pithily
pities
piton
Pittsburgh
pixy's
pizazz's
pizzicato's
PJ's
pkg
placard
placates
placed
plagiarist's
plainclothes
plainclothesman
plainclothesman's
plainest
plaintively
plan
Plantagenet
plasma
Plataea
plated
platefuls
platforms
platitude's
platitudes
Platonic
plausibility
Plautus
Plautus's
playable
playacting
playbill
playboy
playboys
playlist
playoff
playoff's
plead
pleasantry's
pleasurable
pleasuring
plenary
plenitudes
plenty's
Plexiglas's
pliant
plodded
plotter
plotters
ploughs
plovers
plumber
plumpness
plums
plunk
pluralism's
pluralized
plural's
pluses
Plutarch
plutocracy
Pocahontas's
pocketbook
pockets
pockets
pod
poems
poetic
Pogo's
poignancy's
poignancy's
pointier
Poirot's
poised
poisoners
poisoners
poisoning
polarities
policy's
polio's
politeness's
politest
politicians
polkaed
pollen
polliwog
Pollock's
Pollux's
pol's
pol's
pol's
poltergeists
Polynesia
polystyrene
polystyrene
polysyllable's
poncho
pond
pool
Poona
poop
popgun
poppa's
poppycock
popular
popularizes
popularly
popularly
populism's
porringer's
porringers
Porsche's
portage's
portals
portcullis's
portending
porterhouses
portrait's
Portsmouth
pose
posing
posits
possesses
possum's
possums
Post
postgraduate
PostgreSQL
postmen
postmistress's
postpartum
postscripts
posturing
pot
potatoes
potholder's
pothook's
Potomac's
potpourris
pot's
pottage's
potties
Potts's
potty
pouch's
poulticing
pounces
pound's
poverty
powerhouse's
powerlessly
powerlessly
PowerPC's
PowerPC's
PowerPoint's
practicable
practicalities
practicality's
practical's
Prada's
Prado's
prairies
praised
praiseworthiness
prank's
prankster's
pratfall's
prattle
prawn's
pray
prayer's
preamble's
Precambrian
precipitated
precipitately
preconception
preconceptions
preconditioned
preconditions
predeceased
predestine
predicative
predisposed
predisposing
preemption
preemptive
prefabbing
preferable
preheat
preheats
preheats
prejudiced
prejudicing
premarital
premised
premised
preoccupation's
preoccupied
prepays
preppy
prequels
prerequisite
prerogative's
presaging
prescription
present's
pressing's
pressures
pressurization's
presto
presumed
presumes
presupposes
pretence's
pretender's
preterite
preterite's
pretext
prettifying
prevail
prevalence
prevaricated
preventable
prevented
preview's
price
Priceline's
price's
prices
pricier
pricing
prick's
pricks
priestess
primate's
primates
primates
primitively
primmest
primogeniture's
Princeton's
principally
printout
priory's
prissy
privacy
privet's
privies
privileges
prizefighter
prizefight's
problematical
proboscises
proceeds
processional's
procrastination's
procreation's
proctored
procurator's
procuring
prodigies
prodigies
prods
produced
product's
profane
profanes
professionalism's
professors
profoundest
profoundest
prognostic
program
prohibitionist
prohibition's
project
projector's
prologs
prolong
prom
Prometheus
promiscuous
promoted
promoter
promotion
prompter's
prompt's
prom's
proofed
propaganda's
propagandist's
propagandists
prophecy
prophecy's
prophesy
prophet
propitiatory
proportion's
propositional
propositional
proprietresses
pro's
prosaically
proscenium's
prosceniums
proscriptions
prosecuted
prostitutes
protection
protections
protectorate
protectorate's
protégé's
protégés
protestations
protester
protestors
protests
protons
protozoon
proudest
providence
provinces
provincial's
prowled
prowler's
prude's
prying
psalmist
psychobabble's
psychologists
Ptah's
Ptolemaic's
Ptolemy's
ptomaines
pub
publican's
published
publisher
pucks
pullout's
pulpier
pulpiest
pulpiest
pulsar's
pulsation's
pulse
pumice's
pump
pumped
pumper's
Punic
punishment
Punjabi
punter
punt's
pupil
pupil's
puppetry
puppetry
puppy
purchase's
pureed
purees
purgative's
purgatorial
purging
purify
Puritanism
Puritanisms
purity
purport
purpose
pursed
pursuer
pursuer's
purveyed
pushier
pushiest
pus's
puss
pussyfooting
pussyfooting
putsch
puzzler
pyramid's
Pyrrhic's
python's
quacking
quadrature
quadrennial
quadrilateral's
quadrille's
quadriplegic's
quadriplegic's
quadruped's
quadruped's
quadruped's
quaffed
quaffs
quaked
Quaker
qualifications
qualitatively
qualms
quantified
quantity's
quarantining
quarterbacks
quarterly
quartermasters
quartets
quartettes
quarts
quatrain
quavering
Quayle's
Québecois
Quebec's
queerness
quell
quenched
questing
questionnaire's
Quetzalcoatl's
quicken
quickest
quicklime
quietly
quietus
quills
quilts
Quincy's
quinine's
Quinton
quirk
quite
quivered
quiz
quoit
Rabat
racehorses
racers
raceway
racily
racing
racing's
racists
racoons
radar's
radiate
radiation
radioactivity's
radiogram's
radiotherapy's
radiuses
radon's
raffia's
rafter's
rage
rage's
raglan's
ragout
raid
railroad's
raising
rallying
Ramakrishna
Ramon's
rampart's
rancidity
Randal
Randell's
Randolph
randomnesses
Rankine
ransomed
rapaciousness's
rapidly
rapid's
rapport
rapscallion's
Rasalgethi's
Rasalgethi's
rasp's
raspy
rathskellers
rationale
rationalize
raunchiness
ravage's
ravelling
ravening
ravens
RayBan
RayBan's
Rayleigh's
rayon's
RCA
RDA
Re
reaches
reactionary
reactive
readily
readily
readiness's
reading's
readmit
readmit
readouts
realist
realists
realization
realm
reamed
reappearance
reapplies
reapplying
reapportionment's
Reasoner's
reasons
reasserted
reassessment
Reba's
rebates
Rebekah's
rebuff
rebuttal
recalled
recapture
receivers
recenter
receptionist's
recessional
recipes
recipient
reciprocity's
recital's
recitation's
recite
recklessness's
reckon
reclaiming
reclaims
recline
recliner
recoiled
recoils
recombine
recompile
reconnaissance
reconstitutes
reconstructing
recopying
recount
recovering
recreated
recreating
rectangles
rectifier
rectifies
rectifying
rectum
recuperated
recurrence's
recyclable
recycle's
redcaps
redeployed
redhead's
redirect
redirection
rediscovering
redistributing
redistricting
redressed
redress's
red's
reduce
reducing
redundantly
redwood's
reeducating
reemphasizes
reenacted
reenacting
reenacting
Reeves
refectory's
referring
refers
refilled
refinancing
refiner
reflexives
reflex's
refocus
refrigerated
refrigerator
refrigerator's
refuge
refugee
refugee's
refugee's
refugees
refulgence's
refulgence's
refutation's
refuted
regency
regenerated
regexp
register
registrar's
registration's
regresses
regressions
regular
regularizes
rehabilitates
rehabilitation's
reheats
reimpose
reincarnates
reinvest
reissue
relabeling
related
relational
relative
relative's
relaxation's
relearning
relearns
relented
relents
relevancy
relies
religious
relish
relishing
relocated
reluctance's
remaining
remake
remakes
remark's
remarries
remarry
reminiscing
remission
remitted
remonstrating
remounted
REMs
rename
renegading
renovation
rents
reoccurred
reordering
reordering
reorg
reorganizations
reorganizes
repackage
repackaging
repast
repatriates
repeaters
repertory's
repertory's
replaceable
replacement's
replaces
replayed
replenishes
repletion
replicate
report
reported
repose's
repository
repossessing
reprehensible
representations
represents
reprisals
reproaches
reproach's
reproduces
reproduction
reproofing
reproves
repudiating
repugnant
repulsing
repulsion's
reputably
request's
rerouted
rerun's
rescheduling
rescission
reservation
reservist's
resets
resets
resettling
residences
residencies
resilience
resist's
resoluteness
resonances
resonated
resonates
resonating
resorting
respectful
response
restart
restating
restaurant's
restraint's
restricting
restriction
restricts
restructures
restructuring's
result
resulting
resupply
resupply
reticence
retiring
retorted
retouched
retouching
retraces
retract
retrenching
retrenchment's
retributions
retrieve
retroactive
retrofits
retrofitting
retrorocket
returnee
returning
return's
retype
retyping
Reunion
reuniting
Reuther
revalue
revelation
revelation
revelations
revelers
revenged
revenges
revenging
reverencing
reverend
Reverend
reverent
reversal
reverses
revery's
reviewers
reviewers
revised
revivalists
revolts
revolutionary's
revolutions
revolver
rewire
rewired
rework
rework
rewound
rewrite
rhapsodize
rhea
Rhea's
rheostat's
rheostats
Rhineland
Rhineland's
Rhoda's
rhododendron's
rhomboid's
rhythm's
ribbon
rib's
Rich's
Richter
Rickover
ricksha
Ricky
riddle
ridicule
ridicule's
riffle's
rift's
righteously
rightest
rightfully
rightists
rigidity's
rigorous
riling
riming
rimmed
Ringling
Ringo
rings
rink's
Rio
riots
riposting
ripple
risked
Risorgimento
Ritalin
rivals
riverbed's
Riverside
Rivers's
riveted
riveters
Riviera
roadwork
roamed
roams
Robbins
Robert's
Robeson's
Robyn
rockiest
rococo's
rodent
rodeos
Rodriguez
Rodriguez's
Roeg
rolled
Rollins's
Roman's
romanticist's
Rome
Rome's
rompers
Romulus
Ronald's
roofs
roommate
rooster
rooted
Rory
Rosemarie's
roses
Rossini
rotogravure's
rotor's
Rotterdam's
rotunda's
rotundas
roués
roughage's
roughhoused
rough's
Roumania
roundabouts
rounding
roundness's
routine
routine's
routines
routs
rowboat
rowboat's
rowdiness
rower's
Rowe's
rows
royalists
royalty
Royce
Royce's
Rubaiyat
rubberized
rubbished
rubbish's
rubbishy
rubble
rube's
rubier
rubier
rubiest
rudders
rude
rudely
ruder
Rudolph
Rufus
Rufus's
ruination
ruins
Rukeyser
rumbles
ruminant
rumpled
rumpus
Rumsfeld's
runaways
rung
runny
runways
Runyon
rush
Russel
Russians
Russo's
rustiest
rustler's
rustlers
rutabagas
Ruthie
ruthlessly
rut's
Ryan
Saar
Sabbath
Sabik's
sabres
saccharin
sachem's
sachet
sachet's
Sachs
sackcloth
sacrileges
sacrileges
sacristans
sadder
saddles
sadistic
Sadr
safeness's
safety's
Sagan
Sagan's
Sagittarius
sahib's
sailing
sailors
saint's
Sakai's
Sakhalin
Sakhalin's
Sal
salaam
salaam's
salads
salamander
Salas
Salesforce's
salesmen
salesperson
Salisbury's
saliva
saliva
salmonella
Salome's
saloons
Salton
saltpeter's
salts
saltshaker
saltshakers
saltwater
saluted
Salvadoran's
Salvadorans
salvation
Salvatore
salvo
salvoes
Samantha
samba's
sameness
Sammie's
samovars
Samson
Samsung
samurai's
sanatoria
sanatoria
sanctified
sanctimonious
sanctimonious
sanctimoniously
sanctity's
sandalwood
sandbanks
sandblast
sandblasting
sander
Sandoval's
sandpaper
sandpaper
sandwich
Sandy's
Sanger
sanitary
sanitized
sanitizing
SAP
sardine's
sarong's
sarsaparilla's
sass
sassafrases
satchel
satchels
satiates
satire's
satires
sauna
Saundra's
saunter's
savanna
save's
saving
Savior
saviors
savors
savvy
sawed
sawyer
Sawyer
sayings
scads
scaffold
scaffolds
scalar
scalawags
scald
scallion
scalloping
scallywag
scalped
scampers
scampi's
scandalizing
Scandinavian
scapula's
scapulas
Scarborough
Scarborough's
scarcity's
scarifies
scarlet's
scathing
scavengers
scented
scepter's
Scheherazade
Scheherazade
Scheherazade's
scheme
Schenectady's
schismatic
schisms
schlocky
schmalzy
schmuck's
Schnauzer
school
schoolbooks
schoolchild
schoolchildren
schoolchildren's
schoolhouses
schoolyard's
schticks
Schumpeter
Schumpeter
scintillation's
sclerosis's
scolding's
scoldings
scolloped
scollop's
scoop's
scopes
scornful
scornful
Scorpius
Scotchman's
Scottie's
scoundrel
scows
Scrabble
scram
scrams
scrapbooks
screeched
screen
screening
screenplay's
screenplay's
screwing
screwing
scribbles
scribe
scrimmages
scrimping
scrod's
scrotum's
scrounge
scrubber
scrunches
scuff
scuffs
scullery's
scullion
scullion's
sculptor's
scum
scurry
scurry
Seagram's
seam
seamed
seamstress's
seasick
seasickness's
season
seaward's
sebaceous
Sec
secessionists
secluded
seclusive
Secretariat's
Secretary
secretiveness's
sects
secularize
securer
securities
sedately
sedimentation
sedition's
seductions
seedling
seedlings
seeing
seeings
seekers
seemlier
seesaw's
seesaws
segment's
segments
Segovia
segregate
segregated
segue
segued
Segundo
selective
selectman's
Selena
Seleucid
Seleucus's
self
selfishness
selfishness's
semicircle
semimonthly
seminarian
semiprivate
semis
semitone
senate
Senegalese's
senna's
sensationalists
sensationally
senselessness's
sensing
sensitiveness's
sensuality
sentencing
sentries
Sep
separable
Sepoy's
septet's
Sept's
septums
septums
sequel
Serbia
serendipity's
sereneness
serenest
serge
serge
serial
serializes
serially
serious
sermonizes
serpentine's
serrated
servants
serviced
servicewomen
serving's
sets
settings
settle
settle
settler
settle's
seventh's
seventieth
seventy
Severn
Seville's
Seward's
sewed
sewer's
sexes
sextants
sextet's
sexting
Seymour's
shadier
shadiness's
Shaffer's
shah's
shakeup
shakeup
shaky
shallows
shambling
shameful
shamefulness's
shame's
shammed
shamrock
shams
Shanghai's
Shankara
shan't
sharecropper's
shareholders
SharePoint
SharePoint's
shariah
sharked
sharpened
Sharp's
Shaula
shavers
shearer
shearer's
shearers
sheathed
sheen
sheepishness
sheepskins
Sheffield's
shekel's
Shelby
shell
Shell
sheller
Shelley's
shelling
shell's
shelter's
shenanigan's
Sheraton's
Sherlock's
Sherwood's
Shields
shiftiest
shiftless
shiitake's
shill's
Shiloh
shimmed
shims
shingle
shinned
ship
shipboard
shipbuilders
shipped
shipwrecked
shipyards
shipyards
shire
shirr
shirrs
shirttails
shockingly
shoehorn
shoehorn
shoemaker's
shoeshines
shoeshines
shooting's
shooting's
shoplifting's
shoring
shortcut
shorten
shortens
shorthorn
shorthorns
shortwave's
shouldered
shouted
shoveling
shoving
showboats
showdowns
showered
showier
showplace's
showroom
shredder
shredding
Shreveport
shrewdly
shrieks
shrilled
shrinkage's
shrivelling
shrove
shrove
shrubbery
shrubby
shrub's
shrunken
shuddered
shuffleboard
shuffled
shutout's
shuttle's
shuttling
shyest
shyster
Si
Sibelius's
sibyl
sibyl's
sic
Sicilian's
sideboard
sideline
sidelines
sidelining
sidesaddle's
sideswiping
sidetrack's
sidetracks
sidewalk's
Sid's
Sierpinski's
sieves
signal
signaling
signer's
significant
silentest
silhouette
silhouetted
silhouette's
silk's
silkworm's
sill
sillier
sillies
silliest
silt's
Silurian
Silva's
silver
sim
simplifying
simulcast
simulcast's
simultaneously
Sinclair's
Sindbad
sinecure's
sinew's
Singer's
singles's
Singleton's
sinker's
sinkhole
sinks
sin's
sinusitis
siphoning
sired
sirloin's
Sistine
sitting
sixtieths
size
skateboarded
skated
skedaddle's
skepticism's
sketchier
ski
skiing
skillets
skimps
skim's
skipped
skittered
skittering
skullduggery's
skunks
skydived
Skype's
Skype's
skyrocketing
skyscrapers
skywriter
slacks
slacks's
slake
slalom's
slat's
Slavs
slaying's
sleepiness
sleeplessness
sleepwalk
sleepwear
slenderest
slick
slickest
Slidell's
slider's
slideshow
slimmest
slims
slings
slingshot
slipcover
slipshod
slither's
Sloan
slob's
Slocum's
sloped
slops
slothfulness
slovenly
slowness
slue's
sluggers
sly
slyness
smacked
smallness
smarted
smarter
smartwatches
smeared
smear's
smelt
smelt
smile's
smilingly
smithy's
smock's
smock's
smocks
smokehouse's
smoke's
smolder
smooth
smoothest
smoothest
smoothie
smoothy
smoothy's
smudges
smugger
smuggler's
smuggles
smuggling's
smugness
smuttiest
snaffling
snafu's
snagged
Snake's
snap
snap's
snaps
snaps
snarf
snaring
snarks
snarl
snazzy
Snead
sneaked
sneaks
sneered
sneer's
sneezed
sniffle
sniffling
snigger
snip
snippet
snippets
snips
snobbery
snobbish
snob's
snooker
snoozing
snorer
snorkel
snorkeler
snorkeling
snorkels
snottier
snowfalls
snowing
snuggles
snugly
SO
SO
soaking
soaps
soar
soaring
sobriety's
sociability
sociability
socialites
societies
sociologists
sockets
Socrates
sodden
sodden
sodomites
sods
softball's
softeners
softer
softest
software's
soil's
soirée
sol
Sol
solace
soldered
soldiered
solicitude's
solidifying
solitaire's
solitaires
solitaries
soloist
soloists
sols
solving
Somalians
somber
sombrely
someday
sometime
somnambulism's
Son
sonority
sonority's
Sontag
Sonya's
Sophie's
sophism
sophistication's
sophomore
sophomore's
soporific's
soporifics
sopped
Sorbonne's
sorcerers
sorghum's
sorrier
sorriest
so's
Soto's
sot's
soubriquet
soughed
soulmates
soulmates
soundly
sources
souring
sousing
Southeast's
southerlies
southern's
Southey's
Southey's
southpaw's
South's
southward's
Southwest
southwesters
sower
Soweto's
space
spacecraft
spaceflight
spaces
spaceship's
spacey
spacy
spadework
spammer
spandex's
span's
spar
sparkle
sparrow
sparsest
sparsity
spas
spatters
spatting
spawns
spawns
spayed
spearhead
specced
specially
specialty
speckle's
specs's
spectator's
spectators
speedboats
spellbinding
spellchecker's
spender's
Spenglerian's
Spenser's
Sperry's
spice
spieled
spills
spin
spinach
spindly
spine
spinoff
spirally
spirituality
spite's
spiting
spit's
spittle's
Spitz
splay's
splicer
splicer's
splinting
splint's
splurging
spluttered
spoilage
spoiler
spoiling
spokesmen
sponging
sponsored
sponsorship
spoof
spoof's
spoonerisms
spoonful
spoonfuls
spoors
sported
sportive
sportsmen
sportswomen
spotted
spottier
spottier
spray's
spreeing
sprees
sprightlier
sprockets
spumed
spumone
sputters
spyglasses
squab
squadrons
squatter's
squaw's
squeaked
squeegeed
squeezed
squint
squinted
squinting
squired
squirrelled
squirted
squishy
stacking
stadium's
staffer
Stafford's
stagehands
stagflation's
staging
stairwell's
stakeouts
staleness
staler
Stalinist's
stamen
stammering
standardization
standby's
standbys
Stanton's
staple
stapling
Starbucks
starches
stared
starfishes
stark
starlings
starry
stateliness's
stateside
statesman's
static
stat's
stauncher
stave's
stays
steadfast
steadfastly
steadiness
steal's
steamboat
steamer
steam's
steams
Steele's
steepest
steep's
steerage's
Stein
stemmed
stenciled
stepbrother's
stepchildren
stepfather
step's
stereoscope
sterilization
steward's
stickleback's
stickpin
stick's
stickup
stiffs
stillbirth's
stilled
stilts
Stimson
Stimson's
Stimson's
stingrays
stint's
stint's
stitching's
Stockhausen
stockholder
Stockholm
stockier
stocking
stockpile
stockroom
stocky
stodgier
stoics
Stokes's
stolid
stomachache
stomachaches
stonework
stoops
stopcocks
stopgap's
stopwatches
storage's
storekeeper's
storekeepers
storerooms
stories
storybook
storybooks
stout
stowing
straightaways
straightjacket
straightjackets
straights
strainer's
strands
strangely
strangled
strangler's
strata
stratagems
stratospheres
Strauss
strawberry
streaked
streakiest
strength
strep
stretchier
stretchiest
stretching
strictest
strictest
strikeout
striker
stripe
stripped
stripteased
stroke's
Stromboli
strongboxes
stropped
strung
strychnine's
stubbed
stubble's
stubborn
studly
stuffing
stuffing
stumbled
stumble's
stumbles
stump's
stunk
stunning
stunningly
stupefaction's
stupidest
stupidities
stupor
stupors
sturdiness's
stutterer's
Stygian's
styles
stylize
styluses
stymie
suavity's
subbed
subcommittees
subcompacts
subgroups
subhead
subjecting
subject's
subjugate
subjugation's
sublease
subleased
sublease's
sublets
sublimate
sublimated
sublimation's
sublimer
sublimity
submerse
submersed
submersibles
submitted
subpoenaing
subroutine
subscripts
subside
subsidence
substantiation's
substantive's
subtrahend's
succeed
successful
succumb
succumb
sucked
suckle
suckled
suctions
suddenness
Sudetenland
suet's
suffocate
suffocation's
suffragist
Sufism
sugarcoated
sugarcoating
sugared
sugarless
sugar's
sugars
suggestible
Suharto
suicides
suitability's
suitcases
suit's
Sukarno's
Sukkoth's
Suleiman
sulfuric
sully
sultana
sultana's
sultanas
sultans
Sumeria
summations
summer's
summertime
summits
summons
sum's
Sumter
sunbeam
Sundas
Sundays
sundries
sunflower
sunlit
sunroof's
superconductor's
superficiality
superficially
superimposed
superimposing
superlatively
superlative's
superseding
supersized
superspreader
superstar
superstar's
supervened
supervenes
supervised
supervisor's
supple
suppleness
supplest
suppliant's
supplies
supply
supported
suppose
supposed
supposedly
suppurate
supremacist's
supremacy
sups
surceased
surfacing
surfeits
surge
surgeries
surmounted
surpassed
surveillance
surveyor's
survival
Surya
Susan
suspending
suspends
suspension's
suspensions
Susquehanna
Suva
Suzhou
Suzuki
Sven
Svengali's
Sven's
swaddles
swagger's
swaggers
Swahili
swam
swam
swapped
swashbuckler's
SWAT
swatch's
swaths
swatters
swatting
swatting
sway's
Swaziland
sweating
sweating
sweatshop's
sweeping
sweetbriar
sweetbriar's
sweetest
swelled
swellest
swiftest
swifts
swim
swim's
swindlers
swindling
swipes
swirl
swirly
swisher
switchbacks
switched
swollen
swopping
swords
swung
sybaritic
sycophantic
syllable's
syllogism
syllogism's
sylvan
Sylvester's
symbolized
symmetry
sympathized
symposium's
synching
synching
synchronization
synchronized
syncing
syndication's
syndication's
synergism's
synthesized
synthesizer
syrup
syrup's
system
system's
Szymborska's
tab
Tabasco
tabernacle
tableaux
tableware's
tabloid
tabooed
Tabriz's
tabuing
tabulator
tachometer
tackler
taco's
tact
tactical
tactical
tactile
tactlessness's
tadpole's
tad's
Tadzhik
Tahiti
tailcoat
tailgate's
tailwind
tailwinds
tailwinds
taint's
taking's
talc's
tale
tales
Taliesin
Tallchief's
Tallchief's
Talleyrand's
Talmud
tam
tamarind's
tamarinds
Tamerlane
tamp
Tampax
Tamra's
tandem's
tandem's
tangelo
tangle
tangled
tangle's
Tania
tanker
tank's
tanneries
Tannhäuser
Tanya
Taoist
taped
taproom's
taproots
Tara
tardily
tariff's
Tarkenton
taro
tarot
tarot's
tarots
tarpaulins
tarpaulins
tarragon's
tarred
tarry
tarrying
tartans
Tasha
Tasmania's
tassel
tasseling
tattler
tattooist
tatty
taunts
taut
tautology
tautology's
tawdriest
tawniest
taxed
taxes
taxidermists
taxis
Tchaikovsky's
teach
teakettles
teak's
teammates
teams
teams
tearooms
teasel
teaser
teaspoonful
teazels
technical
Technicolor
tech's
Ted
teensier
teensy
telecommuting
teleconference
telegraphs
telekinesis
telekinesis's
Telemachus
telemeter's
telepathy's
teller
telltale
telltale's
TELNET
tempering
temper's
template's
temple's
tempters
temptress's
tendentiousness
tenderfoot's
tenderized
tenderloin
tendon's
tenets
tennis's
tense
tenser
tense's
tension's
tentacle's
tequila
tercentenaries
Teresa's
Teri
Terkel
Terkel's
termagant's
terminal
terminate
termination's
terminology's
terminus
termly
Terrance's
terrier
territorial's
territory
terrorized
terser
tersest
tertiary
testifying
testimonials
test's
testy
Teutonic's
Tevet
Texarkana's
text
textually
texture's
Thackeray's
Thai
thalami
Thanh
thankfully
thatches
theater
theatre
thee
thence
theocracy's
Theodosius's
theorizing
therapy
there
Thermopylae's
thermoses
thesis's
Thessalonian
thick
thickets
thief
Thieu's
thievery's
thinners
thinness's
thirstiest
thirsty
thirteenth
thistles
Thomism
thorium's
thorny
thorougher
Thoth
though
Thrace
thraldom
thrasher's
thrashing's
thread
threads
threatens
threat's
threnodies
threshers
thriftiness
thriftiness's
thrive
throne
throng
throughput
throughway
throughways
thrusting
Thucydides
Thule's
thumbtack
thunderhead's
thunderous
thunderously
thyme
ti
Tia's
Tibetan
Ticonderoga
tide
tidewaters
tidying
tied
Tientsin's
tiff's
tiff's
tiger's
tighten
tightness's
tightropes
Tillich
timberlines
timbre's
Timbuktu
timer's
timers
time's
timetable's
Timex's
Timurid's
Tina
tine's
tines
tingle
tinkled
tinned
tinsels
tinsmith's
tintinnabulation's
Tintoretto
tint's
tipis
tipplers
tipples
tiptoe's
tirades
Titanic
titanium
titan's
titans
tithing
titmouse
Tito
Tito's
tizzy's
toadies
toastmaster
toasts
tobacco
tobaccoes
tobacco's
toboggan's
Toby's
Toby's
tocsins
toddler's
toed
Togo's
toilets
Tojo's
Tokugawa's
Tokyo
Tokyo
Toledo
Toledos
tolerating
toll's
Toltec's
tomahawk
tombing
tombs
Tomsk
Tomsk's
tonal
tonalities
tong's
tongs
tonne's
took
toolbox's
tool's
toothbrush's
toothpick's
toothsome
topaz's
topically
topknot's
topmast's
topping
top's
toque
torch
tormenters
tormenting
torment's
Toronto's
torqued
torqued
Torrance
Torricelli
Torricelli's
tortoise
tortures
torus
toss's
totalitarian's
touch
touchings
touchstone
toughens
toughs
tourist's
tourmaline
toweling's
towellings
towels
towns
townsman's
toxicologists
toy
Toynbee
Toyota's
trace
traces
tracheae
tracheotomies
tractors
tract's
trademark's
tradesmen
traduces
Trafalgar's
trafficker's
tragedians
trailblazer
trailing
trails
Trailways
trainee's
trainees
trainers
training
traitor
traits
tranquillest
tranquillity
tranquillize
transcendence's
transcription
transcript's
transducers
transferals
transforms
transgresses
transgressions
transients
transitively
translates
transliterations
translucence
transporter's
transposing
transshipment
transshipped
trapeze's
trapezoidal
trapper's
trappings's
Trappist
traumatize
travels
traverse's
travesty
treadled
treas
treason's
treasure
treaties
treatment
trekked
trembled
tremulous
trench's
trendy's
trepidation's
tribalism
tribe's
tribesmen
tribute's
tricolor's
trifling
triglyceride's
trig's
trillionth's
trip
triplet's
trisect
triviality's
troglodytes
Troilus's
Trojans
trolled
trolleys
tron
tropical
tropical
tropic's
tropospheres
Trotsky's
trotting
troubled
troubleshoots
troupers
Troy's
trucked
truckles
trueing
Truffaut
Truman's
Trumbull
truncation
truncation
truncheon's
trustworthy
truthers
truthfulness
truth's
tryst
Tsimshian
Tsitsihar
tubeless's
tubers
tucker's
Tuesday's
Tulane
tulip
Tull
Tulsidas
tumbler's
tumbles
tumbling
tumult's
tumults
tuna's
Tungus
Tunisian
tunnel
Tunney
turban
Turkestan's
Turkey
turmerics
turn
turncoats
turnout
turnout's
turnover
turpentine's
turret
Tuscarora
Tussaud
Tussaud's
tussling
tux's
tux's
twaddle
twain
Twain
tweaks
Tweedledee
Tweedledum
twelves
twerp's
twin
twitches
Twitter's
twofold
two's
tycoon's
Tylenol
typecasts
typescripts
typewrite
typewrite
typewrites
typhoid's
typifies
typing
tyrannosaur
tyrannosaurs
tyrannosaurus
tyrant's
Tyree's
Tyree's
tyro
UCLA
Ukrainians
ukulele
ulcer
Ulyanovsk
umbel's
umbrage's
ump
umping
UN
unaccented
unacceptable
unaccountably
unaided
unaltered
unappetizing
unbeliever's
unbounded
uncivilized
unclassified
uncle
uncleanness
uncleanness's
uncluttered
uncommonly
unconsciously
unconsidered
unconventionally
unconvincing
uncorrelated
uncouple
uncultivated
uncultivated
uncut
undefined
undemanding
undeniable
undeniably
underarm
underarms
undercarriages
undercurrent
undercurrents
undercuts
underdone
underestimate
underexpose
underflow
underground
underhanded
underhanded
underline's
undermines
underpants
underpass
underplayed
underplaying
underrates
underscoring
undershoot
understandably
understatements
underused
underwater
underwear
underwrote
undeveloped
undocumented
undulant
unearths
uneasier
uneasiness's
uneaten
uneconomic
unemployable
unemployed
unfitted
unflappable
unfrocked
unfrocking
unfurling
Ungava's
unhappiness's
unhesitatingly
Unicode
Unicode's
unidentifiable
unification's
unified
uniformly
unilateral
unimpeachable
unimportant
uninhabited
uninjured
unintended
uninterrupted
Union
Uniontown
unison's
Unitarians
unites
unity's
Unixes
UNIX's
unkindness
unlaced
unlaced
unlikelihood's
unlikely
unmannerly
unmerciful
unmercifully
unmitigated
unnecessarily
unobservant
unobserved
unpainted
unplug
unplugging
unpredictable
unprejudiced
unravelled
unravelling
unreasonable
unrepeatable
unsaddle
unscrambling
unscrewing
unseasoned
unsold
unsportsmanlike
unstable
unsteadiest
unsubscribes
unsubstantial
unsweetened
untamed
untangle
untangles
untenable
untenable
untidiest
untied
unto
untwists
unwashed
unwilling
unwrap
unwrapped
upbringings
upchuck
upcountry
update
Updike
uphill's
upholding
upholster
upholsters
uplifted
uploading
uppercut's
uppermost
uproot
upset
upstages
upsurge's
uptake's
urbanity
urbanize
urea's
urges
URL
urologists
Uruguayan's
Uruguayans
US
useable
use's
USN
USS
usual
usurer
usurious
usurper
Ute
Ute
Ute's
utilitarian's
utility
utilization
utilization's
utopia
utopias
Uzbek's
vacancy
vacuity's
Vader's
vaginal
valedictory
valedictory's
Valhalla's
validity
validness
valise
Valium
valley's
Val's
valve's
vampire's
vamp's
vandalism
Vanderbilt's
vanished
vanned
vanquish
vanquishing
vaporization
variables
variant's
variants
varied
variety
vaster
vastness
vat
Vaughan
vaulters
vaunt's
VCR's
Vedanta's
Vedas
vegetarianism's
vegetarianism's
veils
Vela
Velázquez
Velez
velours's
vend
vends
venerates
Venezuela
vengeance
ventilated
ventriloquists
ventriloquists
verbal's
verbatim
verbose
Verdi
verifiable
verisimilitude
Verlaine
Verona's
Veronese's
Veronica
versatile
versing
version's
vertebrae
vertices
Vespucci's
Vesta
Vesta
vestibules
vestige's
Vesuvius's
vetted
vexes
vi
vibrancy's
viburnum's
vicar's
vicissitudes
Victorian
victors
Victorville's
victualed
Vientiane's
Vietnamese's
viewfinders
views
vigilante's
vignetted
Vijayawada
villa
Villa
villein
Vilma's
Vince's
Vinson
vintner
violator's
violence's
violinist's
violists
viols
virgins
Visakhapatnam's
Visayans
Visayans
viscera
viscountesses
visitors
vital
Vitim's
vituperate
vituperates
vivace
Vivian's
vividly
vividness
vixen's
vocabulary
vocalic
vocalizes
vocational
vocations
vodka
vodka's
voice
voiding
voids
voile
voltages
volt's
volts
voluptuary's
vortexes
vote
votive
voyage
Voyager's
vulcanized
Vulcan's
vulgarity
vulgarization's
vulnerability
vulture's
vulvae
w
Wabash's
wabbits
wack
wackier
wack's
wadded
wadi's
waft
wages
waggle
Wahhabi's
wainscotting's
waistband
waistcoats
waivers
waken
Waksman's
waldoes
waling
walkouts
wallboard
Wallenstein's
walleye's
wallops
Walsh's
Wanda
wane
wane's
wangle's
Wang's
wanked
wantonly
wantonness
warbler
warbler's
Ward
Ward
wardens
wardens
warder
Ware
Ware
warhorse
warier
warmest
warmest
warrantied
warrant's
Warren's
war's
warthog's
wartime
Wasatch's
washable
washerwoman's
Washingtonians
wastelands
wastepaper's
waste's
watcher
watchfully
waterbeds
waterboarded
watercolor's
watercolors
watercourse's
watercress
waterfowl
watermark
waterproofing
waters's
watertight
Watson
Watson's
Watts
Watusi's
wavelength
wave's
waxiness's
waxwing
wayfarer's
waylaid
Wayne
waywardly
weakens
wealthier
wearer's
weariness's
weaseling
webbing's
webcasts
webisode
webisodes
Wed
Weddell
wedder
weeders
weekly's
weeknight's
weeps
weepy
wee's
weevil
wefts
weigh
weightiness
Wei's
welch
welch
Wellington
Wells's
welts
wept
werewolf's
Wesley
west
westerly's
Weston's
Westphalia's
westwards
wet
whalebone's
wham's
wharfs
whatnot
whatsoever
Wheaties's
wheedled
wheelbarrow
wheelbarrow
wheelbase's
wheels
wheezes
wheezing
whence
whereon
where's
wheres
whiff
Whigs
whimper's
whimsey
whimsicality
whine's
whinier
whinnies
whipped
whirlpool
whirring
whisking
whisky
whistled
Whistler's
Whitefield
whiter
Whitman's
Whittier
whittle
whoever
whole's
whoopees
whooshed
whooshes
whorehouse's
whorls
wickedness
wideness
wideness
wider
Wiesenthal's
Wiesenthal's
wife
wight
Wii's
Wikipedia
wildfires
Wilfred
wilfully
wilier
wiliest
Wilkes
Wilkins's
William
Williamson
Willis's
willow's
willows
Wilmington
Wilton
wilts
wimp
wimpy
wince
Winchell
Winchester's
windbreak's
windfall's
windlass
windlass's
Windows's
windshields
windsock's
windswept
windy
wineglass
wines
Winfrey's
wingnut
wingtips
Winifred
winners
Winnie's
winterier
wire
wire's
wires
wiring
Wisconsin's
wished
wished
wishers
wishful
wishing
wist
wisteria
withers
withholds
withstands
witnessed
Wittgenstein
WMD
wobbled
woefully
woman's
wombats
wondrously
wont
wonted
Wood
woodcarving's
woodcraft's
woodland
woodpecker
woodpecker's
woodpeckers
Woods
woodsier
wooer's
woolen's
woolgathering's
Woolite's
woollier
Woolworth
wordiest
wordplay's
work
workaholics
workdays
workflow
workhorse's
workhouses
workout
workplaces
worksheet's
worldly
worlds
wormed
worshiped
worshipper's
worsted's
worthily
wouldn't
wound's
wowing
wow's
wrangling
wrathfully
wrecker's
wrenching
wretches
wrigglers
wrinkle's
wrinkliest
wrists
wrong
wrongly
wrong's
WWW
WY
Wyeth
Xamarin
xenophobic
Xerox
xref
xylem
xylophonist's
Yalta
Yalu's
Yamagata
Yang
Yang's
Yangtze
Yangtze's
Yaounde's
yard
yard
Yaroslavl
yawed
Yeager
yeah
yearling's
yearn
yeastier
yeoman's
Yerkes
Yerkes's
yesteryear's
YMCA's
yock
yodelled
yodellers
yoga
yoghurts
Yong's
yore
Yorktown's
Yoruba's
yours
Yuan
Yugoslavian's
yum
Zaire's
Zambezi's
Zambians
zany's
zapper
zap's
Zara's
zeal's
Zebedee
zebra's
zebu's
Zechariah's
zed's
zeppelin's
zeppelin's
zeppelin's
Zeppelin's
Zhukov
Ziegler's
Zimbabwe's
zinger
zinnias
Zionists
Zions
zippy
zips
zoos
Zoroastrianism
