acacias
aimless
appropriation
Bernice's
bewildered
Bridgett
bully
calibrations
Cartier
cockle's
Colbert's
commentary
conjecture
consumables
coworker
Cree
declines
delegate's
disapproving
dishrags
dissimulation's
executable
fauna
flagstone
formative
foxed
fully
galvanizing
gentry
gimlet
glows
Gnosticism's
Gomorrah's
grimed
guarantors
hangman
heterogeneous
hire's
insomniacs
Labrador's
levered
likeableness
madrigal's
mammal's
marinas
Marshall's
mastiff's
medicated
misappropriation
misbehavior's
Moldavia's
motionless
musculature
mused
mutiny
objects
offensive
outclasses
outsides
overstatements
Paleogene's
parsec's
passive's
paywall
personal
physician's
plumber
poop
pratfall's
printout
protectorate's
reenacting
revelers
ruination
saddles
Scarborough
schoolchildren
seaward's
sewer's
shirttails
shortcut
shoving
shrinkage's
skimps
straightjacket
strictest
tautology's
tiger's
tintinnabulation's
Truman's
tycoon's
underscoring
uneconomic
unprejudiced
verisimilitude
waivers
waterfowl
wheezing
Winfrey's
yesteryear's
